============================================================
  Generated by:           Genus(TM) Synthesis Solution 21.10-p002_1
  Generated on:           Apr 28 2025  11:18:44 am
  Module:                 fpadd_single
  Operating conditions:   PVT_0P9V_125C 
  Interconnect mode:      global
  Area mode:              physical library
============================================================

                                     Leakage    Internal                 Library 
     Gate      Instances    Area   Power (nW)  Power (nW)     Library     Domain 
---------------------------------------------------------------------------------
ADDFX1HVT              2    10.260      0.166    1259.518    slow_vdd1v0       0 
ADDHX1HVT              6    22.572      0.370    1316.220    slow_vdd1v0       0 
AND2X1HVT             21    28.728      0.449    2149.290    slow_vdd1v0       0 
AND2X2HVT              1     1.710      0.032     113.396    slow_vdd1v0       0 
AND2X4HVT              4    10.944      0.263    1716.459    slow_vdd1v0       0 
AND2X6HVT              2     7.524      0.225    1820.201    slow_vdd1v0       0 
AND4X6HVT              2    11.628      0.341       0.176    slow_vdd1v0       0 
AND4XLHVT              2     4.788      0.066       0.126    slow_vdd1v0       0 
AO21X1HVT              9    21.546      0.267     849.781    slow_vdd1v0       0 
AO21X2HVT              1     2.736      0.043     269.732    slow_vdd1v0       0 
AO21X4HVT              2     6.840      0.175    1090.847    slow_vdd1v0       0 
AO22X1HVT             20    54.720      0.664     120.931    slow_vdd1v0       0 
AO22X2HVT              1     3.078      0.045     135.191    slow_vdd1v0       0 
AO22X4HVT              1     3.762      0.088     600.120    slow_vdd1v0       0 
AOI211X4HVT            1     6.498      0.146     314.945    slow_vdd1v0       0 
AOI21X1HVT             5     8.550      0.224     398.619    slow_vdd1v0       0 
AOI21X2HVT             1     2.736      0.091     168.317    slow_vdd1v0       0 
AOI21X4HVT            35   179.550      5.134   16658.235    slow_vdd1v0       0 
AOI222X2HVT            2    10.944      0.325     477.684    slow_vdd1v0       0 
AOI222X4HVT            5    47.880      1.675    2016.768    slow_vdd1v0       0 
AOI22X2HVT             8    30.096      0.816     331.962    slow_vdd1v0       0 
AOI22X4HVT             2    12.312      0.310     630.884    slow_vdd1v0       0 
AOI2BB1X1HVT           2     4.104      0.087     637.026    slow_vdd1v0       0 
AOI2BB1X2HVT          11    33.858      0.728    3115.969    slow_vdd1v0       0 
AOI2BB1X4HVT          39   160.056      5.541   31227.647    slow_vdd1v0       0 
AOI2BB1XLHVT           1     2.052      0.014     110.919    slow_vdd1v0       0 
AOI2BB2X4HVT           1     7.524      0.188    1054.501    slow_vdd1v0       0 
BUFX12HVT              3    15.390      0.717    3587.617    slow_vdd1v0       0 
BUFX16HVT              4    27.360      1.087    5362.062    slow_vdd1v0       0 
BUFX2HVT              42    71.820      1.460    9536.671    slow_vdd1v0       0 
BUFX3HVT              27    55.404      1.482    8383.334    slow_vdd1v0       0 
BUFX4HVT              33    79.002      2.298   20499.261    slow_vdd1v0       0 
BUFX6HVT              14    43.092      1.684    9515.445    slow_vdd1v0       0 
CLKAND2X12HVT          2    15.048      0.455    1654.407    slow_vdd1v0       0 
CLKAND2X2HVT           9    18.468      0.303    2060.477    slow_vdd1v0       0 
CLKAND2X3HVT          21    64.638      1.172    5679.469    slow_vdd1v0       0 
CLKAND2X4HVT           2     6.840      0.122     115.265    slow_vdd1v0       0 
CLKAND2X6HVT          51   244.188      6.098   31503.595    slow_vdd1v0       0 
CLKBUFX2HVT            3     5.130      0.100     367.326    slow_vdd1v0       0 
CLKBUFX3HVT            2     4.104      0.106     996.209    slow_vdd1v0       0 
CLKBUFX6HVT            2     6.156      0.238     995.398    slow_vdd1v0       0 
CLKINVX12HVT          25   102.600      4.909    9983.173    slow_vdd1v0       0 
CLKINVX16HVT          11    60.192      2.515    5811.927    slow_vdd1v0       0 
CLKINVX20HVT           4    25.992      1.462    3134.279    slow_vdd1v0       0 
CLKINVX4HVT           25    42.750      1.461    4190.361    slow_vdd1v0       0 
CLKINVX6HVT           41    98.154      3.575   10181.172    slow_vdd1v0       0 
CLKINVX8HVT           31    95.418      3.807   13509.414    slow_vdd1v0       0 
CLKMX2X2HVT            5    15.390      0.257    1332.585    slow_vdd1v0       0 
CLKMX2X3HVT           11    45.144      0.913    7520.362    slow_vdd1v0       0 
CLKXOR2X1HVT          15    41.040      0.617    4092.723    slow_vdd1v0       0 
CLKXOR2X2HVT           5    17.100      0.259    1506.688    slow_vdd1v0       0 
DFFRHQX1HVT           33   203.148      3.089   48071.299    slow_vdd1v0       0 
DFFRHQX4HVT           11   105.336      1.690   13187.261    slow_vdd1v0       0 
DFFRX1HVT              2    13.680      0.182    1783.133    slow_vdd1v0       0 
DFFRX2HVT             16   120.384      1.998   15323.414    slow_vdd1v0       0 
DFFRX4HVT             34   325.584      7.051   37776.630    slow_vdd1v0       0 
INVX12HVT              1     4.104      0.249     456.034    slow_vdd1v0       0 
INVX16HVT              1     5.472      0.230     652.684    slow_vdd1v0       0 
INVX1HVT              42    28.728      0.589    1906.220    slow_vdd1v0       0 
INVX2HVT              48    49.248      1.276    4391.687    slow_vdd1v0       0 
INVX3HVT              38    51.984      1.714    5271.595    slow_vdd1v0       0 
INVX4HVT               5     8.550      0.337     800.983    slow_vdd1v0       0 
INVX6HVT               3     7.182      0.290    1191.998    slow_vdd1v0       0 
INVX8HVT               4    12.312      0.418    1827.334    slow_vdd1v0       0 
INVXLHVT               7     4.788      0.048     217.140    slow_vdd1v0       0 
MX2X1HVT              20    47.880      0.745    3918.760    slow_vdd1v0       0 
MXI2X2HVT              8    35.568      0.465    2858.556    slow_vdd1v0       0 
MXI2X4HVT              5    25.650      0.480    3728.697    slow_vdd1v0       0 
NAND2BX1HVT            3     4.104      0.088     250.348    slow_vdd1v0       0 
NAND2BX2HVT           16    38.304      0.779    5060.835    slow_vdd1v0       0 
NAND2BX4HVT            6    22.572      0.612    2485.165    slow_vdd1v0       0 
NAND2X1HVT             4     4.104      0.081     307.560    slow_vdd1v0       0 
NAND2X2HVT            19    32.490      0.878    2468.819    slow_vdd1v0       0 
NAND2X4HVT            51   174.420      4.661   12580.400    slow_vdd1v0       0 
NAND2X6HVT            27   129.276      3.663    8287.711    slow_vdd1v0       0 
NAND2X8HVT            40   218.880      7.234   21654.580    slow_vdd1v0       0 
NAND3BX4HVT            1     5.130      0.146     665.238    slow_vdd1v0       0 
NAND3X4HVT             3    14.364      0.269    1848.735    slow_vdd1v0       0 
NOR2BX1HVT            16    21.888      0.422    2357.466    slow_vdd1v0       0 
NOR2BX2HVT            18    49.248      0.733    3947.484    slow_vdd1v0       0 
NOR2BX4HVT            21    79.002      2.427   10623.246    slow_vdd1v0       0 
NOR2X1HVT             35    35.910      0.732    3194.485    slow_vdd1v0       0 
NOR2X2HVT             68   116.280      2.760    9889.023    slow_vdd1v0       0 
NOR2X4HVT            209   643.302     17.950   51218.779    slow_vdd1v0       0 
NOR2X6HVT            226   927.504     30.881   87153.610    slow_vdd1v0       0 
NOR2X8HVT            172   941.184     35.624  105070.155    slow_vdd1v0       0 
NOR2XLHVT              4     4.104      0.051     268.665    slow_vdd1v0       0 
NOR3BX2HVT             3    10.260      0.192    1530.379    slow_vdd1v0       0 
NOR3BX4HVT             9    52.326      1.091    9062.109    slow_vdd1v0       0 
NOR3X2HVT              9    24.624      0.407    1540.004    slow_vdd1v0       0 
NOR3X4HVT             11    56.430      1.456    3729.475    slow_vdd1v0       0 
NOR3X6HVT             15   107.730      3.170    8562.019    slow_vdd1v0       0 
NOR3X8HVT             12   106.704      3.538    6993.560    slow_vdd1v0       0 
NOR4X1HVT              1     1.710      0.022      30.059    slow_vdd1v0       0 
NOR4X2HVT             15    51.300      0.668     891.155    slow_vdd1v0       0 
NOR4X4HVT              4    25.992      0.555    2095.697    slow_vdd1v0       0 
NOR4X6HVT              1     8.208      0.314     854.966    slow_vdd1v0       0 
OA21X1HVT              5    10.260      0.143     715.566    slow_vdd1v0       0 
OA21X2HVT              1     3.078      0.041     256.187    slow_vdd1v0       0 
OAI21X1HVT             2     3.420      0.044     213.000    slow_vdd1v0       0 
OAI21X2HVT            10    30.780      0.592    2950.511    slow_vdd1v0       0 
OAI21X4HVT            34   162.792      4.328   20259.138    slow_vdd1v0       0 
OAI22X2HVT             1     3.420      0.072     648.720    slow_vdd1v0       0 
OAI22X4HVT             5    32.490      0.770    3336.438    slow_vdd1v0       0 
OAI2BB1X2HVT           3     9.234      0.154    1323.363    slow_vdd1v0       0 
OAI2BB1X4HVT           3    13.338      0.321    1379.860    slow_vdd1v0       0 
OAI2BB2X2HVT           1     5.472      0.087     391.242    slow_vdd1v0       0 
OAI2BB2X4HVT           1     8.550      0.136     926.783    slow_vdd1v0       0 
OAI31X2HVT             1     3.762      0.095     487.529    slow_vdd1v0       0 
OAI31X4HVT             4    27.360      0.717    1441.747    slow_vdd1v0       0 
OR2X1HVT              19    25.992      0.502    2365.400    slow_vdd1v0       0 
OR2X2HVT               8    13.680      0.343    1476.918    slow_vdd1v0       0 
OR2X4HVT              10    27.360      0.851    4670.656    slow_vdd1v0       0 
OR2X6HVT              24    90.288      3.516   13753.738    slow_vdd1v0       0 
OR3X1HVT               3     6.156      0.098     529.659    slow_vdd1v0       0 
OR3X6HVT               2     9.576      0.342     810.956    slow_vdd1v0       0 
OR4X1HVT               1     2.052      0.026       5.566    slow_vdd1v0       0 
XNOR2X1HVT            24    57.456      1.000    5801.821    slow_vdd1v0       0 
XNOR2X2HVT             2     6.156      0.112     657.094    slow_vdd1v0       0 
XNOR2X4HVT             2     7.524      0.162    1107.210    slow_vdd1v0       0 
XNOR3X1HVT             3    22.572      0.325    1919.620    slow_vdd1v0       0 
XNOR3XLHVT             3    22.572      0.286    1606.737    slow_vdd1v0       0 
XOR2X2HVT              1     3.420      0.051     290.553    slow_vdd1v0       0 
---------------------------------------------------------------------------------
total               2045  7463.124    212.940  807415.850                


                                           Leakage  Leakage  Internal  Internal 
     Type      Instances   Area   Area % Power (nW) Power % Power (nW)  Power % 
--------------------------------------------------------------------------------
sequential            96  768.132   10.3     14.009     6.6 116141.737     14.4 
inverter             286  597.474    8.0     22.878    10.7  63526.002      7.9 
buffer               130  307.458    4.1      9.173     4.3  59243.324      7.3 
logic               1533 5790.060   77.6    166.880    78.4 568504.788     70.4 
physical_cells         0    0.000    0.0      0.000     0.0      0.000      0.0 
--------------------------------------------------------------------------------
total               2045 7463.124  100.0    212.940   100.0 807415.850    100.0 

