============================================================
  Generated by:           Genus(TM) Synthesis Solution 21.10-p002_1
  Generated on:           Apr 28 2025  11:18:43 am
  Module:                 fpadd_single
  Operating conditions:   PVT_0P9V_125C 
  Interconnect mode:      global
  Area mode:              physical library
============================================================

Timing
--------

            Analysis view                Clock   Period 
--------------------------------------------------------
func-slow_vdd1v0.setup_cworst_CCworst DSP_MASTER 2500.0 


               Analysis                 Cost   Critical             Violating 
                 View                  Group  Path Slack    TNS       Paths   
------------------------------------------------------------------------------
func-slow_vdd1v0.setup_cworst_CCworst default   No paths       0.0          0 
                                       in2out   No paths       0.0          0 
                                       in2reg     1928.2       0.0          0 
                                      reg2out     1555.3       0.0          0 
                                      reg2reg    -4063.4 -127225.7         32 
------------------------------------------------------------------------------
Total                                                    -127225.7         32 
                                                                              

Instance Count
--------------
Leaf Instance Count             2045 
Physical Instance count            0 
Sequential Instance Count         96 
Combinational Instance Count    1949 
Hierarchical Instance Count        0 

Area
----
Cell Area                          7463.124
Physical Cell Area                 0.000
Total Cell Area (Cell+Physical)    7463.124
Net Area                           2293.781
Total Area (Cell+Physical+Net)     9756.905

Max Fanout                         96 (clk)
Min Fanout                         0 (n_62)
Average Fanout                     1.9
Terms to net ratio                 2.9221
Terms to instance ratio            3.0993
Runtime                            590.1457390000002 seconds
Elapsed Runtime                    594 seconds
Genus peak memory usage            1270.44 
Innovus peak memory usage          no_value 
Hostname                           vspace.ecdl.hut.fi
