============================================================
  Generated by:           Genus(TM) Synthesis Solution 21.10-p002_1
  Generated on:           Apr 28 2025  11:18:43 am
  Module:                 fpadd_single
  Operating conditions:   PVT_0P9V_125C 
  Interconnect mode:      global
  Area mode:              physical library
============================================================

# SETUP                                            WNS        TNS    FEP 
# -------------------------------------------------------------------------
 View: ALL                                     -4063.4  -127225.7     32 
    Group : default                                N/A        N/A    N/A 
    Group : in2out                                 N/A        N/A    N/A 
    Group : in2reg                              1928.2        0.0      0 
    Group : reg2out                             1555.3        0.0      0 
    Group : reg2reg                            -4063.4  -127225.7     32 

 View: func-slow_vdd1v0.setup_cworst_CCworst   -4063.4  -127225.7     32 
    Group : default                                N/A        N/A    N/A 
    Group : in2out                                 N/A        N/A    N/A 
    Group : in2reg                              1928.2        0.0      0 
    Group : reg2out                             1555.3        0.0      0 
    Group : reg2reg                            -4063.4  -127225.7     32 

# -------------------------------------------------------------------------
# DRV                                          WNS     TNS  FEP 
# ----------------------------------------------------------------
 View: ALL                                                      
    Check: max_transition                      -52  -268.0    7 
    Check: max_capacitance                     N/A     N/A    0 
    Check: max_fanout                          N/A     N/A    0 

 View: func-slow_vdd1v0.setup_cworst_CCworst                    
    Check: max_transition                      -52  -268.0    7 
    Check: max_capacitance                     N/A     N/A    0 
    Check: max_fanout                          N/A     N/A    0 

# ----------------------------------------------------------------
