============================================================
  Generated by:           Genus(TM) Synthesis Solution 21.10-p002_1
  Generated on:           Apr 28 2025  11:18:42 am
  Module:                 fpadd_single
  Operating conditions:   PVT_0P9V_125C 
  Interconnect mode:      global
  Area mode:              physical library
============================================================


Path 1: VIOLATED (-4063 ps) Setup Check with Pin out_reg[22]/CK->D
           View: func-slow_vdd1v0.setup_cworst_CCworst
          Group: reg2reg
     Startpoint: (R) B_reg[21]/CK
          Clock: (R) DSP_MASTER
       Endpoint: (F) out_reg[22]/D
          Clock: (R) DSP_MASTER

                     Capture       Launch     
        Clock Edge:+    2500            0     
       Src Latency:+       0            0     
       Net Latency:+    1000 (I)     1000 (I) 
           Arrival:=    3500         1000     
                                              
             Setup:-     106                  
       Uncertainty:-     100                  
     Required Time:=    3294                  
      Launch Clock:-    1000                  
         Data Path:-    6357                  
             Slack:=   -4063                  

#--------------------------------------------------------------------------------------------
#  Timing Point   Flags    Arc   Edge     Cell      Fanout Load Trans Delay Arrival Instance 
#                                                          (fF)  (ps)  (ps)   (ps)  Location 
#--------------------------------------------------------------------------------------------
  B_reg[21]/CK    -       -      R     (arrival)        96    -     0     0    1000    (-,-) 
  B_reg[21]/QN    -       CK->QN F     DFFRX4HVT         3  7.0   112   535    1535    (-,-) 
  g22375__24634/Y -       B->Y   R     NOR2X8HVT         2  7.1    99   114    1650    (-,-) 
  g25330/Y        -       C->Y   F     NOR3X6HVT         2  4.2    92   102    1751    (-,-) 
  g26378/Y        -       B->Y   F     CLKAND2X6HVT      2  3.8    59   153    1904    (-,-) 
  g26376/Y        -       A1->Y  R     AOI21X4HVT        1  4.3   113   115    2019    (-,-) 
  g30131/Y        -       B->Y   F     NAND2X8HVT        2  4.4   138   146    2165    (-,-) 
  g30129/Y        -       B->Y   R     NAND2X6HVT        1  4.3    57    99    2264    (-,-) 
  g30128/Y        -       B->Y   F     NAND2X8HVT        1  4.0   124   113    2377    (-,-) 
  g29992/Y        -       A->Y   R     NOR2X8HVT         4 10.7   123   154    2531    (-,-) 
  g29991/Y        -       A->Y   F     CLKINVX12HVT      7 17.4   109   124    2655    (-,-) 
  g29920/Y        -       A->Y   F     BUFX12HVT         3 10.5    77   168    2824    (-,-) 
  g75/Y           -       B->Y   R     NOR2X4HVT         1  3.6    96    99    2923    (-,-) 
  g38/Y           -       A->Y   F     NOR2X6HVT         1  4.0    80   104    3027    (-,-) 
  fopt39/Y        -       A->Y   R     INVX8HVT          3  7.6    50    69    3096    (-,-) 
  g30332/Y        -       B->Y   F     NOR2X8HVT         1  2.5    59    58    3154    (-,-) 
  g29521/Y        -       A->Y   F     CLKAND2X6HVT      5  9.6   106   169    3324    (-,-) 
  g26202/Y        -       B->Y   F     CLKAND2X6HVT      5  9.9   108   187    3510    (-,-) 
  g30318/Y        -       B->Y   F     CLKAND2X6HVT      1  4.1    61   163    3674    (-,-) 
  g155/Y          -       A->Y   R     NOR3X8HVT         2  3.9   116   145    3818    (-,-) 
  g27835/Y        -       B->Y   R     CLKAND2X6HVT      2  6.4    63   204    4022    (-,-) 
  g27834/Y        -       B->Y   F     NOR2X8HVT         2  6.6    80    79    4101    (-,-) 
  g29109/Y        -       B->Y   R     NOR2X8HVT         3  4.9    79    89    4190    (-,-) 
  g29847/Y        -       B->Y   R     CLKAND2X6HVT      2  5.3    57   181    4371    (-,-) 
  g29848/Y        -       B->Y   F     NOR2X8HVT         1  4.0    69    67    4438    (-,-) 
  g26272/Y        -       A->Y   R     CLKINVX8HVT       1  4.3    37    56    4494    (-,-) 
  g25096/Y        -       A->Y   F     NOR2X8HVT         1  4.0    63    65    4559    (-,-) 
  g26513/Y        -       A->Y   R     NOR2X8HVT         2  5.8    99   100    4659    (-,-) 
  g28180/Y        -       B->Y   F     NOR2X8HVT         1  4.0    66    90    4749    (-,-) 
  g28179/Y        -       A->Y   R     NOR2X8HVT         6 10.3   133   121    4870    (-,-) 
  g28185/Y        -       A1N->Y R     AOI2BB1X4HVT      3  5.8   135   256    5126    (-,-) 
  g29855/Y        -       S0->Y  R     MXI2X4HVT         1  4.3    61   354    5480    (-,-) 
  g30398/Y        -       B->Y   F     NAND2X8HVT        1  4.0   127   116    5595    (-,-) 
  g83/Y           -       A->Y   R     NOR2X8HVT         1  4.3    75   127    5722    (-,-) 
  g102/Y          -       B->Y   F     NOR2X8HVT         1  4.0    62    77    5799    (-,-) 
  g168/Y          -       B->Y   R     NOR2X8HVT         1  4.3    72    78    5876    (-,-) 
  g30271/Y        -       B->Y   F     NOR2X8HVT         1  4.0    62    76    5952    (-,-) 
  g30269/Y        -       B->Y   R     NOR2X8HVT         2  7.8   101    93    6045    (-,-) 
  g71/Y           -       A->Y   F     NOR2X8HVT         8 11.9   121   129    6174    (-,-) 
  g23185__7098/Y  -       S0->Y  R     MX2X1HVT          2  3.0   112   338    6511    (-,-) 
  g27521/Y        -       A1N->Y R     AOI2BB1X4HVT      3  7.8   162   260    6771    (-,-) 
  g305/Y          -       B->Y   F     NOR2X6HVT         1  4.0    86   133    6904    (-,-) 
  g302/Y          -       B->Y   R     NOR3X8HVT         2  6.4   146   162    7066    (-,-) 
  g301/Y          -       B->Y   F     NOR2X6HVT         1  4.0    83   123    7189    (-,-) 
  g29788/Y        -       A->Y   R     CLKINVX8HVT       1  4.3    39    63    7252    (-,-) 
  g27367/Y        -       A->Y   F     NAND2X8HVT        1  1.8    97   105    7357    (-,-) 
  out_reg[22]/D   -       -      F     DFFRHQX1HVT       1    -     -     0    7357    (-,-) 
#--------------------------------------------------------------------------------------------



Path 2: VIOLATED (-4063 ps) Setup Check with Pin out_reg[18]/CK->D
           View: func-slow_vdd1v0.setup_cworst_CCworst
          Group: reg2reg
     Startpoint: (R) B_reg[21]/CK
          Clock: (R) DSP_MASTER
       Endpoint: (F) out_reg[18]/D
          Clock: (R) DSP_MASTER

                     Capture       Launch     
        Clock Edge:+    2500            0     
       Src Latency:+       0            0     
       Net Latency:+    1000 (I)     1000 (I) 
           Arrival:=    3500         1000     
                                              
             Setup:-     106                  
       Uncertainty:-     100                  
     Required Time:=    3294                  
      Launch Clock:-    1000                  
         Data Path:-    6357                  
             Slack:=   -4063                  

#--------------------------------------------------------------------------------------------
#  Timing Point   Flags    Arc   Edge     Cell      Fanout Load Trans Delay Arrival Instance 
#                                                          (fF)  (ps)  (ps)   (ps)  Location 
#--------------------------------------------------------------------------------------------
  B_reg[21]/CK    -       -      R     (arrival)        96    -     0     0    1000    (-,-) 
  B_reg[21]/QN    -       CK->QN F     DFFRX4HVT         3  7.0   112   535    1535    (-,-) 
  g22375__24634/Y -       B->Y   R     NOR2X8HVT         2  7.1    99   114    1650    (-,-) 
  g25330/Y        -       C->Y   F     NOR3X6HVT         2  4.2    92   102    1751    (-,-) 
  g26378/Y        -       B->Y   F     CLKAND2X6HVT      2  3.8    59   153    1904    (-,-) 
  g26376/Y        -       A1->Y  R     AOI21X4HVT        1  4.3   113   115    2019    (-,-) 
  g30131/Y        -       B->Y   F     NAND2X8HVT        2  4.4   138   146    2165    (-,-) 
  g30129/Y        -       B->Y   R     NAND2X6HVT        1  4.3    57    99    2264    (-,-) 
  g30128/Y        -       B->Y   F     NAND2X8HVT        1  4.0   124   113    2377    (-,-) 
  g29992/Y        -       A->Y   R     NOR2X8HVT         4 10.7   123   154    2531    (-,-) 
  g29991/Y        -       A->Y   F     CLKINVX12HVT      7 17.4   109   124    2655    (-,-) 
  g29920/Y        -       A->Y   F     BUFX12HVT         3 10.5    77   168    2824    (-,-) 
  g75/Y           -       B->Y   R     NOR2X4HVT         1  3.6    96    99    2923    (-,-) 
  g38/Y           -       A->Y   F     NOR2X6HVT         1  4.0    80   104    3027    (-,-) 
  fopt39/Y        -       A->Y   R     INVX8HVT          3  7.6    50    69    3096    (-,-) 
  g30332/Y        -       B->Y   F     NOR2X8HVT         1  2.5    59    58    3154    (-,-) 
  g29521/Y        -       A->Y   F     CLKAND2X6HVT      5  9.6   106   169    3324    (-,-) 
  g26202/Y        -       B->Y   F     CLKAND2X6HVT      5  9.9   108   187    3510    (-,-) 
  g30318/Y        -       B->Y   F     CLKAND2X6HVT      1  4.1    61   163    3674    (-,-) 
  g155/Y          -       A->Y   R     NOR3X8HVT         2  3.9   116   145    3818    (-,-) 
  g27835/Y        -       B->Y   R     CLKAND2X6HVT      2  6.4    63   204    4022    (-,-) 
  g27834/Y        -       B->Y   F     NOR2X8HVT         2  6.6    80    79    4101    (-,-) 
  g29109/Y        -       B->Y   R     NOR2X8HVT         3  4.9    79    89    4190    (-,-) 
  g29847/Y        -       B->Y   R     CLKAND2X6HVT      2  5.3    57   181    4371    (-,-) 
  g29848/Y        -       B->Y   F     NOR2X8HVT         1  4.0    69    67    4438    (-,-) 
  g26272/Y        -       A->Y   R     CLKINVX8HVT       1  4.3    37    56    4494    (-,-) 
  g25096/Y        -       A->Y   F     NOR2X8HVT         1  4.0    63    65    4559    (-,-) 
  g26513/Y        -       A->Y   R     NOR2X8HVT         2  5.8    99   100    4659    (-,-) 
  g28180/Y        -       B->Y   F     NOR2X8HVT         1  4.0    66    90    4749    (-,-) 
  g28179/Y        -       A->Y   R     NOR2X8HVT         6 10.3   133   121    4870    (-,-) 
  g28185/Y        -       A1N->Y R     AOI2BB1X4HVT      3  5.8   135   256    5126    (-,-) 
  g29855/Y        -       S0->Y  R     MXI2X4HVT         1  4.3    61   354    5480    (-,-) 
  g30398/Y        -       B->Y   F     NAND2X8HVT        1  4.0   127   116    5595    (-,-) 
  g83/Y           -       A->Y   R     NOR2X8HVT         1  4.3    75   127    5722    (-,-) 
  g102/Y          -       B->Y   F     NOR2X8HVT         1  4.0    62    77    5799    (-,-) 
  g168/Y          -       B->Y   R     NOR2X8HVT         1  4.3    72    78    5876    (-,-) 
  g30271/Y        -       B->Y   F     NOR2X8HVT         1  4.0    62    76    5952    (-,-) 
  g30269/Y        -       B->Y   R     NOR2X8HVT         2  7.8   101    93    6045    (-,-) 
  g71/Y           -       A->Y   F     NOR2X8HVT         8 11.9   121   129    6174    (-,-) 
  g23185__7098/Y  -       S0->Y  R     MX2X1HVT          2  3.0   112   338    6511    (-,-) 
  g27521/Y        -       A1N->Y R     AOI2BB1X4HVT      3  7.8   162   260    6771    (-,-) 
  g305/Y          -       B->Y   F     NOR2X6HVT         1  4.0    86   133    6904    (-,-) 
  g302/Y          -       B->Y   R     NOR3X8HVT         2  6.4   146   162    7066    (-,-) 
  g300/Y          -       B->Y   F     NOR2X6HVT         1  4.0    83   123    7189    (-,-) 
  g29791/Y        -       A->Y   R     CLKINVX8HVT       1  4.3    39    63    7252    (-,-) 
  g19/Y           -       A->Y   F     NAND2X8HVT        1  1.8    97   105    7357    (-,-) 
  out_reg[18]/D   -       -      F     DFFRHQX1HVT       1    -     -     0    7357    (-,-) 
#--------------------------------------------------------------------------------------------



Path 3: VIOLATED (-4063 ps) Setup Check with Pin out_reg[19]/CK->D
           View: func-slow_vdd1v0.setup_cworst_CCworst
          Group: reg2reg
     Startpoint: (R) B_reg[21]/CK
          Clock: (R) DSP_MASTER
       Endpoint: (F) out_reg[19]/D
          Clock: (R) DSP_MASTER

                     Capture       Launch     
        Clock Edge:+    2500            0     
       Src Latency:+       0            0     
       Net Latency:+    1000 (I)     1000 (I) 
           Arrival:=    3500         1000     
                                              
             Setup:-     125                  
       Uncertainty:-     100                  
     Required Time:=    3275                  
      Launch Clock:-    1000                  
         Data Path:-    6338                  
             Slack:=   -4063                  

#--------------------------------------------------------------------------------------------
#  Timing Point   Flags    Arc   Edge     Cell      Fanout Load Trans Delay Arrival Instance 
#                                                          (fF)  (ps)  (ps)   (ps)  Location 
#--------------------------------------------------------------------------------------------
  B_reg[21]/CK    -       -      R     (arrival)        96    -     0     0    1000    (-,-) 
  B_reg[21]/QN    -       CK->QN F     DFFRX4HVT         3  7.0   112   535    1535    (-,-) 
  g22375__24634/Y -       B->Y   R     NOR2X8HVT         2  7.1    99   114    1650    (-,-) 
  g25330/Y        -       C->Y   F     NOR3X6HVT         2  4.2    92   102    1751    (-,-) 
  g26378/Y        -       B->Y   F     CLKAND2X6HVT      2  3.8    59   153    1904    (-,-) 
  g26376/Y        -       A1->Y  R     AOI21X4HVT        1  4.3   113   115    2019    (-,-) 
  g30131/Y        -       B->Y   F     NAND2X8HVT        2  4.4   138   146    2165    (-,-) 
  g30129/Y        -       B->Y   R     NAND2X6HVT        1  4.3    57    99    2264    (-,-) 
  g30128/Y        -       B->Y   F     NAND2X8HVT        1  4.0   124   113    2377    (-,-) 
  g29992/Y        -       A->Y   R     NOR2X8HVT         4 10.7   123   154    2531    (-,-) 
  g29991/Y        -       A->Y   F     CLKINVX12HVT      7 17.4   109   124    2655    (-,-) 
  g29920/Y        -       A->Y   F     BUFX12HVT         3 10.5    77   168    2824    (-,-) 
  g75/Y           -       B->Y   R     NOR2X4HVT         1  3.6    96    99    2923    (-,-) 
  g38/Y           -       A->Y   F     NOR2X6HVT         1  4.0    80   104    3027    (-,-) 
  fopt39/Y        -       A->Y   R     INVX8HVT          3  7.6    50    69    3096    (-,-) 
  g30332/Y        -       B->Y   F     NOR2X8HVT         1  2.5    59    58    3154    (-,-) 
  g29521/Y        -       A->Y   F     CLKAND2X6HVT      5  9.6   106   169    3324    (-,-) 
  g26202/Y        -       B->Y   F     CLKAND2X6HVT      5  9.9   108   187    3510    (-,-) 
  g30318/Y        -       B->Y   F     CLKAND2X6HVT      1  4.1    61   163    3674    (-,-) 
  g155/Y          -       A->Y   R     NOR3X8HVT         2  3.9   116   145    3818    (-,-) 
  g27835/Y        -       B->Y   R     CLKAND2X6HVT      2  6.4    63   204    4022    (-,-) 
  g27834/Y        -       B->Y   F     NOR2X8HVT         2  6.6    80    79    4101    (-,-) 
  g29109/Y        -       B->Y   R     NOR2X8HVT         3  4.9    79    89    4190    (-,-) 
  g29847/Y        -       B->Y   R     CLKAND2X6HVT      2  5.3    57   181    4371    (-,-) 
  g29848/Y        -       B->Y   F     NOR2X8HVT         1  4.0    69    67    4438    (-,-) 
  g26272/Y        -       A->Y   R     CLKINVX8HVT       1  4.3    37    56    4494    (-,-) 
  g25096/Y        -       A->Y   F     NOR2X8HVT         1  4.0    63    65    4559    (-,-) 
  g26513/Y        -       A->Y   R     NOR2X8HVT         2  5.8    99   100    4659    (-,-) 
  g28180/Y        -       B->Y   F     NOR2X8HVT         1  4.0    66    90    4749    (-,-) 
  g28179/Y        -       A->Y   R     NOR2X8HVT         6 10.3   133   121    4870    (-,-) 
  g28185/Y        -       A1N->Y R     AOI2BB1X4HVT      3  5.8   135   256    5126    (-,-) 
  g29855/Y        -       S0->Y  R     MXI2X4HVT         1  4.3    61   354    5480    (-,-) 
  g30398/Y        -       B->Y   F     NAND2X8HVT        1  4.0   127   116    5595    (-,-) 
  g83/Y           -       A->Y   R     NOR2X8HVT         1  4.3    75   127    5722    (-,-) 
  g102/Y          -       B->Y   F     NOR2X8HVT         1  4.0    62    77    5799    (-,-) 
  g168/Y          -       B->Y   R     NOR2X8HVT         1  4.3    72    78    5876    (-,-) 
  g30271/Y        -       B->Y   F     NOR2X8HVT         1  4.0    62    76    5952    (-,-) 
  g30269/Y        -       B->Y   R     NOR2X8HVT         2  7.8   101    93    6045    (-,-) 
  g71/Y           -       A->Y   F     NOR2X8HVT         8 11.9   121   129    6174    (-,-) 
  g23200__2346/Y  -       S0->Y  R     MX2X1HVT          2  3.0   112   338    6511    (-,-) 
  g25118/Y        -       A->Y   R     BUFX3HVT          1  3.6    59   178    6689    (-,-) 
  g27506/Y        -       B->Y   F     NOR2X6HVT         2  4.5    82    75    6764    (-,-) 
  g27507/Y        -       B0->Y  R     AOI21X4HVT        1  2.9    93   105    6869    (-,-) 
  g23065__9315/Y  -       A1->Y  F     OAI21X4HVT        1  2.8   159   172    7041    (-,-) 
  g30617/Y        -       B->Y   R     NOR2X4HVT         1  2.9    97   137    7178    (-,-) 
  g30698/Y        -       A1->Y  F     OAI21X4HVT        1  1.8   131   160    7338    (-,-) 
  out_reg[19]/D   -       -      F     DFFRHQX1HVT       1    -     -     0    7338    (-,-) 
#--------------------------------------------------------------------------------------------



Path 4: VIOLATED (-4063 ps) Setup Check with Pin out_reg[22]/CK->D
           View: func-slow_vdd1v0.setup_cworst_CCworst
          Group: reg2reg
     Startpoint: (R) B_reg[21]/CK
          Clock: (R) DSP_MASTER
       Endpoint: (F) out_reg[22]/D
          Clock: (R) DSP_MASTER

                     Capture       Launch     
        Clock Edge:+    2500            0     
       Src Latency:+       0            0     
       Net Latency:+    1000 (I)     1000 (I) 
           Arrival:=    3500         1000     
                                              
             Setup:-     106                  
       Uncertainty:-     100                  
     Required Time:=    3294                  
      Launch Clock:-    1000                  
         Data Path:-    6357                  
             Slack:=   -4063                  

#--------------------------------------------------------------------------------------------
#  Timing Point   Flags    Arc   Edge     Cell      Fanout Load Trans Delay Arrival Instance 
#                                                          (fF)  (ps)  (ps)   (ps)  Location 
#--------------------------------------------------------------------------------------------
  B_reg[21]/CK    -       -      R     (arrival)        96    -     0     0    1000    (-,-) 
  B_reg[21]/QN    -       CK->QN F     DFFRX4HVT         3  7.0   112   535    1535    (-,-) 
  g22375__24634/Y -       B->Y   R     NOR2X8HVT         2  7.1    99   114    1650    (-,-) 
  g25330/Y        -       C->Y   F     NOR3X6HVT         2  4.2    92   102    1751    (-,-) 
  g26378/Y        -       B->Y   F     CLKAND2X6HVT      2  3.8    59   153    1904    (-,-) 
  g26376/Y        -       A1->Y  R     AOI21X4HVT        1  4.3   113   115    2019    (-,-) 
  g30131/Y        -       B->Y   F     NAND2X8HVT        2  4.4   138   146    2165    (-,-) 
  g30129/Y        -       B->Y   R     NAND2X6HVT        1  4.3    57    99    2264    (-,-) 
  g30128/Y        -       B->Y   F     NAND2X8HVT        1  4.0   124   113    2377    (-,-) 
  g29992/Y        -       A->Y   R     NOR2X8HVT         4 10.7   123   154    2531    (-,-) 
  g29991/Y        -       A->Y   F     CLKINVX12HVT      7 17.4   109   124    2655    (-,-) 
  g29920/Y        -       A->Y   F     BUFX12HVT         3 10.5    77   168    2824    (-,-) 
  g75/Y           -       B->Y   R     NOR2X4HVT         1  3.6    96    99    2923    (-,-) 
  g38/Y           -       A->Y   F     NOR2X6HVT         1  4.0    80   104    3027    (-,-) 
  fopt39/Y        -       A->Y   R     INVX8HVT          3  7.6    50    69    3096    (-,-) 
  g30332/Y        -       B->Y   F     NOR2X8HVT         1  2.5    59    58    3154    (-,-) 
  g29521/Y        -       A->Y   F     CLKAND2X6HVT      5  9.6   106   169    3324    (-,-) 
  g26202/Y        -       B->Y   F     CLKAND2X6HVT      5  9.9   108   187    3510    (-,-) 
  g30318/Y        -       B->Y   F     CLKAND2X6HVT      1  4.1    61   163    3674    (-,-) 
  g155/Y          -       A->Y   R     NOR3X8HVT         2  3.9   116   145    3818    (-,-) 
  g27835/Y        -       B->Y   R     CLKAND2X6HVT      2  6.4    63   204    4022    (-,-) 
  g27834/Y        -       B->Y   F     NOR2X8HVT         2  6.6    80    79    4101    (-,-) 
  g29109/Y        -       B->Y   R     NOR2X8HVT         3  4.9    79    89    4190    (-,-) 
  g29847/Y        -       B->Y   R     CLKAND2X6HVT      2  5.3    57   181    4371    (-,-) 
  g29848/Y        -       B->Y   F     NOR2X8HVT         1  4.0    69    67    4438    (-,-) 
  g26272/Y        -       A->Y   R     CLKINVX8HVT       1  4.3    37    56    4494    (-,-) 
  g25096/Y        -       A->Y   F     NOR2X8HVT         1  4.0    63    65    4559    (-,-) 
  g26513/Y        -       A->Y   R     NOR2X8HVT         2  5.8    99   100    4659    (-,-) 
  g28180/Y        -       B->Y   F     NOR2X8HVT         1  4.0    66    90    4749    (-,-) 
  g28179/Y        -       A->Y   R     NOR2X8HVT         6 10.3   133   121    4870    (-,-) 
  g30321/Y        -       B->Y   F     NOR2X6HVT         2  6.6   102   127    4998    (-,-) 
  g30320/Y        -       A->Y   R     NOR2X8HVT         3  6.5    90   123    5121    (-,-) 
  fopt29355/Y     -       A->Y   R     BUFX6HVT          3  7.6    64   165    5286    (-,-) 
  g179/Y          -       B->Y   F     NOR2X8HVT         2  6.0    81    78    5364    (-,-) 
  g30217/Y        -       B->Y   R     NOR2X8HVT         1  4.3    74    87    5451    (-,-) 
  g30214/Y        -       B->Y   F     NOR2X8HVT         1  4.0    73    77    5527    (-,-) 
  g30394/Y        -       B->Y   R     NOR2X8HVT         3  5.0    79    86    5613    (-,-) 
  g30393/Y        -       B->Y   R     CLKAND2X6HVT      1  4.3    52   178    5792    (-,-) 
  g30270/Y        -       B->Y   F     NAND2X8HVT        1  4.0   127   111    5902    (-,-) 
  g30269/Y        -       A->Y   R     NOR2X8HVT         2  7.8   101   142    6045    (-,-) 
  g71/Y           -       A->Y   F     NOR2X8HVT         8 11.9   121   129    6173    (-,-) 
  g23185__7098/Y  -       S0->Y  R     MX2X1HVT          2  3.0   112   338    6511    (-,-) 
  g27521/Y        -       A1N->Y R     AOI2BB1X4HVT      3  7.8   162   260    6771    (-,-) 
  g305/Y          -       B->Y   F     NOR2X6HVT         1  4.0    86   133    6903    (-,-) 
  g302/Y          -       B->Y   R     NOR3X8HVT         2  6.4   146   162    7066    (-,-) 
  g301/Y          -       B->Y   F     NOR2X6HVT         1  4.0    83   123    7189    (-,-) 
  g29788/Y        -       A->Y   R     CLKINVX8HVT       1  4.3    39    63    7252    (-,-) 
  g27367/Y        -       A->Y   F     NAND2X8HVT        1  1.8    97   105    7357    (-,-) 
  out_reg[22]/D   -       -      F     DFFRHQX1HVT       1    -     -     0    7357    (-,-) 
#--------------------------------------------------------------------------------------------



Path 5: VIOLATED (-4063 ps) Setup Check with Pin out_reg[22]/CK->D
           View: func-slow_vdd1v0.setup_cworst_CCworst
          Group: reg2reg
     Startpoint: (R) B_reg[21]/CK
          Clock: (R) DSP_MASTER
       Endpoint: (F) out_reg[22]/D
          Clock: (R) DSP_MASTER

                     Capture       Launch     
        Clock Edge:+    2500            0     
       Src Latency:+       0            0     
       Net Latency:+    1000 (I)     1000 (I) 
           Arrival:=    3500         1000     
                                              
             Setup:-     106                  
       Uncertainty:-     100                  
     Required Time:=    3294                  
      Launch Clock:-    1000                  
         Data Path:-    6357                  
             Slack:=   -4063                  

#--------------------------------------------------------------------------------------------
#  Timing Point   Flags    Arc   Edge     Cell      Fanout Load Trans Delay Arrival Instance 
#                                                          (fF)  (ps)  (ps)   (ps)  Location 
#--------------------------------------------------------------------------------------------
  B_reg[21]/CK    -       -      R     (arrival)        96    -     0     0    1000    (-,-) 
  B_reg[21]/QN    -       CK->QN F     DFFRX4HVT         3  7.0   112   535    1535    (-,-) 
  g22375__24634/Y -       B->Y   R     NOR2X8HVT         2  7.1    99   114    1650    (-,-) 
  g25330/Y        -       C->Y   F     NOR3X6HVT         2  4.2    92   102    1751    (-,-) 
  g26378/Y        -       B->Y   F     CLKAND2X6HVT      2  3.8    59   153    1904    (-,-) 
  g26376/Y        -       A1->Y  R     AOI21X4HVT        1  4.3   113   115    2019    (-,-) 
  g30131/Y        -       B->Y   F     NAND2X8HVT        2  4.4   138   146    2165    (-,-) 
  g30129/Y        -       B->Y   R     NAND2X6HVT        1  4.3    57    99    2264    (-,-) 
  g30128/Y        -       B->Y   F     NAND2X8HVT        1  4.0   124   113    2377    (-,-) 
  g29992/Y        -       A->Y   R     NOR2X8HVT         4 10.7   123   154    2531    (-,-) 
  g29991/Y        -       A->Y   F     CLKINVX12HVT      7 17.4   109   124    2655    (-,-) 
  g29920/Y        -       A->Y   F     BUFX12HVT         3 10.5    77   168    2824    (-,-) 
  g75/Y           -       B->Y   R     NOR2X4HVT         1  3.6    96    99    2923    (-,-) 
  g38/Y           -       A->Y   F     NOR2X6HVT         1  4.0    80   104    3027    (-,-) 
  fopt39/Y        -       A->Y   R     INVX8HVT          3  7.6    50    69    3096    (-,-) 
  g30332/Y        -       B->Y   F     NOR2X8HVT         1  2.5    59    58    3154    (-,-) 
  g29521/Y        -       A->Y   F     CLKAND2X6HVT      5  9.6   106   169    3324    (-,-) 
  g26202/Y        -       B->Y   F     CLKAND2X6HVT      5  9.9   108   187    3510    (-,-) 
  g30318/Y        -       B->Y   F     CLKAND2X6HVT      1  4.1    61   163    3674    (-,-) 
  g155/Y          -       A->Y   R     NOR3X8HVT         2  3.9   116   145    3818    (-,-) 
  g27835/Y        -       B->Y   R     CLKAND2X6HVT      2  6.4    63   204    4022    (-,-) 
  g27834/Y        -       B->Y   F     NOR2X8HVT         2  6.6    80    79    4101    (-,-) 
  g29109/Y        -       B->Y   R     NOR2X8HVT         3  4.9    79    89    4190    (-,-) 
  g29847/Y        -       B->Y   R     CLKAND2X6HVT      2  5.3    57   181    4371    (-,-) 
  g29848/Y        -       B->Y   F     NOR2X8HVT         1  4.0    69    67    4438    (-,-) 
  g26272/Y        -       A->Y   R     CLKINVX8HVT       1  4.3    37    56    4494    (-,-) 
  g25096/Y        -       A->Y   F     NOR2X8HVT         1  4.0    63    65    4559    (-,-) 
  g26513/Y        -       A->Y   R     NOR2X8HVT         2  5.8    99   100    4659    (-,-) 
  g28180/Y        -       B->Y   F     NOR2X8HVT         1  4.0    66    90    4749    (-,-) 
  g28179/Y        -       A->Y   R     NOR2X8HVT         6 10.3   133   121    4870    (-,-) 
  g30321/Y        -       B->Y   F     NOR2X6HVT         2  6.6   102   127    4998    (-,-) 
  g136/Y          -       A->Y   R     NOR2X6HVT         3  7.8   119   140    5138    (-,-) 
  g29596/Y        -       B->Y   F     NOR2X4HVT         2  5.4   110   127    5264    (-,-) 
  g29595/Y        -       B->Y   R     NOR2X6HVT         2  5.3    99   114    5379    (-,-) 
  g354/Y          -       B->Y   F     NOR2X8HVT         1  4.0    72    91    5469    (-,-) 
  g352/Y          -       B->Y   R     NOR2X8HVT         1  4.3    73    82    5552    (-,-) 
  fopt29501/Y     -       A->Y   F     CLKINVX8HVT       2  5.4    62    76    5628    (-,-) 
  g174/Y          -       A->Y   R     NOR2X8HVT         3  8.7   105   112    5740    (-,-) 
  g30270/Y        -       A->Y   F     NAND2X8HVT        1  4.0   127   162    5902    (-,-) 
  g30269/Y        -       A->Y   R     NOR2X8HVT         2  7.8   101   142    6045    (-,-) 
  g71/Y           -       A->Y   F     NOR2X8HVT         8 11.9   121   129    6173    (-,-) 
  g23185__7098/Y  -       S0->Y  R     MX2X1HVT          2  3.0   112   338    6511    (-,-) 
  g27521/Y        -       A1N->Y R     AOI2BB1X4HVT      3  7.8   162   260    6771    (-,-) 
  g305/Y          -       B->Y   F     NOR2X6HVT         1  4.0    86   133    6903    (-,-) 
  g302/Y          -       B->Y   R     NOR3X8HVT         2  6.4   146   162    7066    (-,-) 
  g301/Y          -       B->Y   F     NOR2X6HVT         1  4.0    83   123    7189    (-,-) 
  g29788/Y        -       A->Y   R     CLKINVX8HVT       1  4.3    39    63    7252    (-,-) 
  g27367/Y        -       A->Y   F     NAND2X8HVT        1  1.8    97   105    7357    (-,-) 
  out_reg[22]/D   -       -      F     DFFRHQX1HVT       1    -     -     0    7357    (-,-) 
#--------------------------------------------------------------------------------------------



Path 6: VIOLATED (-4063 ps) Setup Check with Pin out_reg[18]/CK->D
           View: func-slow_vdd1v0.setup_cworst_CCworst
          Group: reg2reg
     Startpoint: (R) B_reg[21]/CK
          Clock: (R) DSP_MASTER
       Endpoint: (F) out_reg[18]/D
          Clock: (R) DSP_MASTER

                     Capture       Launch     
        Clock Edge:+    2500            0     
       Src Latency:+       0            0     
       Net Latency:+    1000 (I)     1000 (I) 
           Arrival:=    3500         1000     
                                              
             Setup:-     106                  
       Uncertainty:-     100                  
     Required Time:=    3294                  
      Launch Clock:-    1000                  
         Data Path:-    6357                  
             Slack:=   -4063                  

#--------------------------------------------------------------------------------------------
#  Timing Point   Flags    Arc   Edge     Cell      Fanout Load Trans Delay Arrival Instance 
#                                                          (fF)  (ps)  (ps)   (ps)  Location 
#--------------------------------------------------------------------------------------------
  B_reg[21]/CK    -       -      R     (arrival)        96    -     0     0    1000    (-,-) 
  B_reg[21]/QN    -       CK->QN F     DFFRX4HVT         3  7.0   112   535    1535    (-,-) 
  g22375__24634/Y -       B->Y   R     NOR2X8HVT         2  7.1    99   114    1650    (-,-) 
  g25330/Y        -       C->Y   F     NOR3X6HVT         2  4.2    92   102    1751    (-,-) 
  g26378/Y        -       B->Y   F     CLKAND2X6HVT      2  3.8    59   153    1904    (-,-) 
  g26376/Y        -       A1->Y  R     AOI21X4HVT        1  4.3   113   115    2019    (-,-) 
  g30131/Y        -       B->Y   F     NAND2X8HVT        2  4.4   138   146    2165    (-,-) 
  g30129/Y        -       B->Y   R     NAND2X6HVT        1  4.3    57    99    2264    (-,-) 
  g30128/Y        -       B->Y   F     NAND2X8HVT        1  4.0   124   113    2377    (-,-) 
  g29992/Y        -       A->Y   R     NOR2X8HVT         4 10.7   123   154    2531    (-,-) 
  g29991/Y        -       A->Y   F     CLKINVX12HVT      7 17.4   109   124    2655    (-,-) 
  g29920/Y        -       A->Y   F     BUFX12HVT         3 10.5    77   168    2824    (-,-) 
  g75/Y           -       B->Y   R     NOR2X4HVT         1  3.6    96    99    2923    (-,-) 
  g38/Y           -       A->Y   F     NOR2X6HVT         1  4.0    80   104    3027    (-,-) 
  fopt39/Y        -       A->Y   R     INVX8HVT          3  7.6    50    69    3096    (-,-) 
  g30332/Y        -       B->Y   F     NOR2X8HVT         1  2.5    59    58    3154    (-,-) 
  g29521/Y        -       A->Y   F     CLKAND2X6HVT      5  9.6   106   169    3324    (-,-) 
  g26202/Y        -       B->Y   F     CLKAND2X6HVT      5  9.9   108   187    3510    (-,-) 
  g30318/Y        -       B->Y   F     CLKAND2X6HVT      1  4.1    61   163    3674    (-,-) 
  g155/Y          -       A->Y   R     NOR3X8HVT         2  3.9   116   145    3818    (-,-) 
  g27835/Y        -       B->Y   R     CLKAND2X6HVT      2  6.4    63   204    4022    (-,-) 
  g27834/Y        -       B->Y   F     NOR2X8HVT         2  6.6    80    79    4101    (-,-) 
  g29109/Y        -       B->Y   R     NOR2X8HVT         3  4.9    79    89    4190    (-,-) 
  g29847/Y        -       B->Y   R     CLKAND2X6HVT      2  5.3    57   181    4371    (-,-) 
  g29848/Y        -       B->Y   F     NOR2X8HVT         1  4.0    69    67    4438    (-,-) 
  g26272/Y        -       A->Y   R     CLKINVX8HVT       1  4.3    37    56    4494    (-,-) 
  g25096/Y        -       A->Y   F     NOR2X8HVT         1  4.0    63    65    4559    (-,-) 
  g26513/Y        -       A->Y   R     NOR2X8HVT         2  5.8    99   100    4659    (-,-) 
  g28180/Y        -       B->Y   F     NOR2X8HVT         1  4.0    66    90    4749    (-,-) 
  g28179/Y        -       A->Y   R     NOR2X8HVT         6 10.3   133   121    4870    (-,-) 
  g30321/Y        -       B->Y   F     NOR2X6HVT         2  6.6   102   127    4998    (-,-) 
  g30320/Y        -       A->Y   R     NOR2X8HVT         3  6.5    90   123    5121    (-,-) 
  fopt29355/Y     -       A->Y   R     BUFX6HVT          3  7.6    64   165    5286    (-,-) 
  g179/Y          -       B->Y   F     NOR2X8HVT         2  6.0    81    78    5364    (-,-) 
  g30217/Y        -       B->Y   R     NOR2X8HVT         1  4.3    74    87    5451    (-,-) 
  g30214/Y        -       B->Y   F     NOR2X8HVT         1  4.0    73    77    5527    (-,-) 
  g30394/Y        -       B->Y   R     NOR2X8HVT         3  5.0    79    86    5613    (-,-) 
  g30393/Y        -       B->Y   R     CLKAND2X6HVT      1  4.3    52   178    5792    (-,-) 
  g30270/Y        -       B->Y   F     NAND2X8HVT        1  4.0   127   111    5902    (-,-) 
  g30269/Y        -       A->Y   R     NOR2X8HVT         2  7.8   101   142    6045    (-,-) 
  g71/Y           -       A->Y   F     NOR2X8HVT         8 11.9   121   129    6173    (-,-) 
  g23185__7098/Y  -       S0->Y  R     MX2X1HVT          2  3.0   112   338    6511    (-,-) 
  g27521/Y        -       A1N->Y R     AOI2BB1X4HVT      3  7.8   162   260    6771    (-,-) 
  g305/Y          -       B->Y   F     NOR2X6HVT         1  4.0    86   133    6903    (-,-) 
  g302/Y          -       B->Y   R     NOR3X8HVT         2  6.4   146   162    7066    (-,-) 
  g300/Y          -       B->Y   F     NOR2X6HVT         1  4.0    83   123    7189    (-,-) 
  g29791/Y        -       A->Y   R     CLKINVX8HVT       1  4.3    39    63    7252    (-,-) 
  g19/Y           -       A->Y   F     NAND2X8HVT        1  1.8    97   105    7357    (-,-) 
  out_reg[18]/D   -       -      F     DFFRHQX1HVT       1    -     -     0    7357    (-,-) 
#--------------------------------------------------------------------------------------------



Path 7: VIOLATED (-4063 ps) Setup Check with Pin out_reg[18]/CK->D
           View: func-slow_vdd1v0.setup_cworst_CCworst
          Group: reg2reg
     Startpoint: (R) B_reg[21]/CK
          Clock: (R) DSP_MASTER
       Endpoint: (F) out_reg[18]/D
          Clock: (R) DSP_MASTER

                     Capture       Launch     
        Clock Edge:+    2500            0     
       Src Latency:+       0            0     
       Net Latency:+    1000 (I)     1000 (I) 
           Arrival:=    3500         1000     
                                              
             Setup:-     106                  
       Uncertainty:-     100                  
     Required Time:=    3294                  
      Launch Clock:-    1000                  
         Data Path:-    6357                  
             Slack:=   -4063                  

#--------------------------------------------------------------------------------------------
#  Timing Point   Flags    Arc   Edge     Cell      Fanout Load Trans Delay Arrival Instance 
#                                                          (fF)  (ps)  (ps)   (ps)  Location 
#--------------------------------------------------------------------------------------------
  B_reg[21]/CK    -       -      R     (arrival)        96    -     0     0    1000    (-,-) 
  B_reg[21]/QN    -       CK->QN F     DFFRX4HVT         3  7.0   112   535    1535    (-,-) 
  g22375__24634/Y -       B->Y   R     NOR2X8HVT         2  7.1    99   114    1650    (-,-) 
  g25330/Y        -       C->Y   F     NOR3X6HVT         2  4.2    92   102    1751    (-,-) 
  g26378/Y        -       B->Y   F     CLKAND2X6HVT      2  3.8    59   153    1904    (-,-) 
  g26376/Y        -       A1->Y  R     AOI21X4HVT        1  4.3   113   115    2019    (-,-) 
  g30131/Y        -       B->Y   F     NAND2X8HVT        2  4.4   138   146    2165    (-,-) 
  g30129/Y        -       B->Y   R     NAND2X6HVT        1  4.3    57    99    2264    (-,-) 
  g30128/Y        -       B->Y   F     NAND2X8HVT        1  4.0   124   113    2377    (-,-) 
  g29992/Y        -       A->Y   R     NOR2X8HVT         4 10.7   123   154    2531    (-,-) 
  g29991/Y        -       A->Y   F     CLKINVX12HVT      7 17.4   109   124    2655    (-,-) 
  g29920/Y        -       A->Y   F     BUFX12HVT         3 10.5    77   168    2824    (-,-) 
  g75/Y           -       B->Y   R     NOR2X4HVT         1  3.6    96    99    2923    (-,-) 
  g38/Y           -       A->Y   F     NOR2X6HVT         1  4.0    80   104    3027    (-,-) 
  fopt39/Y        -       A->Y   R     INVX8HVT          3  7.6    50    69    3096    (-,-) 
  g30332/Y        -       B->Y   F     NOR2X8HVT         1  2.5    59    58    3154    (-,-) 
  g29521/Y        -       A->Y   F     CLKAND2X6HVT      5  9.6   106   169    3324    (-,-) 
  g26202/Y        -       B->Y   F     CLKAND2X6HVT      5  9.9   108   187    3510    (-,-) 
  g30318/Y        -       B->Y   F     CLKAND2X6HVT      1  4.1    61   163    3674    (-,-) 
  g155/Y          -       A->Y   R     NOR3X8HVT         2  3.9   116   145    3818    (-,-) 
  g27835/Y        -       B->Y   R     CLKAND2X6HVT      2  6.4    63   204    4022    (-,-) 
  g27834/Y        -       B->Y   F     NOR2X8HVT         2  6.6    80    79    4101    (-,-) 
  g29109/Y        -       B->Y   R     NOR2X8HVT         3  4.9    79    89    4190    (-,-) 
  g29847/Y        -       B->Y   R     CLKAND2X6HVT      2  5.3    57   181    4371    (-,-) 
  g29848/Y        -       B->Y   F     NOR2X8HVT         1  4.0    69    67    4438    (-,-) 
  g26272/Y        -       A->Y   R     CLKINVX8HVT       1  4.3    37    56    4494    (-,-) 
  g25096/Y        -       A->Y   F     NOR2X8HVT         1  4.0    63    65    4559    (-,-) 
  g26513/Y        -       A->Y   R     NOR2X8HVT         2  5.8    99   100    4659    (-,-) 
  g28180/Y        -       B->Y   F     NOR2X8HVT         1  4.0    66    90    4749    (-,-) 
  g28179/Y        -       A->Y   R     NOR2X8HVT         6 10.3   133   121    4870    (-,-) 
  g30321/Y        -       B->Y   F     NOR2X6HVT         2  6.6   102   127    4998    (-,-) 
  g136/Y          -       A->Y   R     NOR2X6HVT         3  7.8   119   140    5138    (-,-) 
  g29596/Y        -       B->Y   F     NOR2X4HVT         2  5.4   110   127    5264    (-,-) 
  g29595/Y        -       B->Y   R     NOR2X6HVT         2  5.3    99   114    5379    (-,-) 
  g354/Y          -       B->Y   F     NOR2X8HVT         1  4.0    72    91    5469    (-,-) 
  g352/Y          -       B->Y   R     NOR2X8HVT         1  4.3    73    82    5552    (-,-) 
  fopt29501/Y     -       A->Y   F     CLKINVX8HVT       2  5.4    62    76    5628    (-,-) 
  g174/Y          -       A->Y   R     NOR2X8HVT         3  8.7   105   112    5740    (-,-) 
  g30270/Y        -       A->Y   F     NAND2X8HVT        1  4.0   127   162    5902    (-,-) 
  g30269/Y        -       A->Y   R     NOR2X8HVT         2  7.8   101   142    6045    (-,-) 
  g71/Y           -       A->Y   F     NOR2X8HVT         8 11.9   121   129    6173    (-,-) 
  g23185__7098/Y  -       S0->Y  R     MX2X1HVT          2  3.0   112   338    6511    (-,-) 
  g27521/Y        -       A1N->Y R     AOI2BB1X4HVT      3  7.8   162   260    6771    (-,-) 
  g305/Y          -       B->Y   F     NOR2X6HVT         1  4.0    86   133    6903    (-,-) 
  g302/Y          -       B->Y   R     NOR3X8HVT         2  6.4   146   162    7066    (-,-) 
  g300/Y          -       B->Y   F     NOR2X6HVT         1  4.0    83   123    7189    (-,-) 
  g29791/Y        -       A->Y   R     CLKINVX8HVT       1  4.3    39    63    7252    (-,-) 
  g19/Y           -       A->Y   F     NAND2X8HVT        1  1.8    97   105    7357    (-,-) 
  out_reg[18]/D   -       -      F     DFFRHQX1HVT       1    -     -     0    7357    (-,-) 
#--------------------------------------------------------------------------------------------



Path 8: VIOLATED (-4063 ps) Setup Check with Pin out_reg[22]/CK->D
           View: func-slow_vdd1v0.setup_cworst_CCworst
          Group: reg2reg
     Startpoint: (R) A_reg[24]/CK
          Clock: (R) DSP_MASTER
       Endpoint: (F) out_reg[22]/D
          Clock: (R) DSP_MASTER

                     Capture       Launch     
        Clock Edge:+    2500            0     
       Src Latency:+       0            0     
       Net Latency:+    1000 (I)     1000 (I) 
           Arrival:=    3500         1000     
                                              
             Setup:-     106                  
       Uncertainty:-     100                  
     Required Time:=    3294                  
      Launch Clock:-    1000                  
         Data Path:-    6357                  
             Slack:=   -4063                  

#-------------------------------------------------------------------------------------------
# Timing Point   Flags    Arc   Edge     Cell      Fanout Load Trans Delay Arrival Instance 
#                                                         (fF)  (ps)  (ps)   (ps)  Location 
#-------------------------------------------------------------------------------------------
  A_reg[24]/CK   -       -      R     (arrival)        96    -     0     0    1000    (-,-) 
  A_reg[24]/QN   -       CK->QN R     DFFRX4HVT         2  5.7    71   488    1488    (-,-) 
  g30257/Y       -       A->Y   F     NOR2X6HVT         1  2.8    70    84    1573    (-,-) 
  g30256/Y       -       B0->Y  R     AOI21X4HVT        1  3.6   104   105    1678    (-,-) 
  g30255/Y       -       B->Y   F     NOR2X6HVT         2  5.0    92   103    1781    (-,-) 
  g30195/Y       -       B->Y   R     NOR2X8HVT         2  5.0    81    95    1876    (-,-) 
  g22175__9315/Y -       B->Y   F     NOR2X4HVT         1  3.4    80    91    1968    (-,-) 
  g22157__6783/Y -       B->Y   R     NOR2X6HVT         1  3.6    79    89    2056    (-,-) 
  g22149__8428/Y -       B->Y   F     NOR2X6HVT         1  4.0    90    84    2141    (-,-) 
  g26403/Y       -       B->Y   R     NOR2X8HVT         1  4.3    76    92    2232    (-,-) 
  g30128/Y       -       A->Y   F     NAND2X8HVT        1  4.0   124   144    2376    (-,-) 
  g29992/Y       -       A->Y   R     NOR2X8HVT         4 10.7   123   154    2530    (-,-) 
  g29991/Y       -       A->Y   F     CLKINVX12HVT      7 17.4   109   124    2655    (-,-) 
  g29920/Y       -       A->Y   F     BUFX12HVT         3 10.5    77   168    2823    (-,-) 
  g75/Y          -       B->Y   R     NOR2X4HVT         1  3.6    96    99    2923    (-,-) 
  g38/Y          -       A->Y   F     NOR2X6HVT         1  4.0    80   104    3027    (-,-) 
  fopt39/Y       -       A->Y   R     INVX8HVT          3  7.6    50    69    3096    (-,-) 
  g30332/Y       -       B->Y   F     NOR2X8HVT         1  2.5    59    58    3154    (-,-) 
  g29521/Y       -       A->Y   F     CLKAND2X6HVT      5  9.6   106   169    3323    (-,-) 
  g26202/Y       -       B->Y   F     CLKAND2X6HVT      5  9.9   108   187    3510    (-,-) 
  g30318/Y       -       B->Y   F     CLKAND2X6HVT      1  4.1    61   163    3673    (-,-) 
  g155/Y         -       A->Y   R     NOR3X8HVT         2  3.9   116   145    3818    (-,-) 
  g27835/Y       -       B->Y   R     CLKAND2X6HVT      2  6.4    63   204    4022    (-,-) 
  g27834/Y       -       B->Y   F     NOR2X8HVT         2  6.6    80    79    4101    (-,-) 
  g29109/Y       -       B->Y   R     NOR2X8HVT         3  4.9    79    89    4190    (-,-) 
  g29847/Y       -       B->Y   R     CLKAND2X6HVT      2  5.3    57   181    4370    (-,-) 
  g29848/Y       -       B->Y   F     NOR2X8HVT         1  4.0    69    67    4438    (-,-) 
  g26272/Y       -       A->Y   R     CLKINVX8HVT       1  4.3    37    56    4494    (-,-) 
  g25096/Y       -       A->Y   F     NOR2X8HVT         1  4.0    63    65    4559    (-,-) 
  g26513/Y       -       A->Y   R     NOR2X8HVT         2  5.8    99   100    4658    (-,-) 
  g28180/Y       -       B->Y   F     NOR2X8HVT         1  4.0    66    90    4749    (-,-) 
  g28179/Y       -       A->Y   R     NOR2X8HVT         6 10.3   133   121    4870    (-,-) 
  g28185/Y       -       A1N->Y R     AOI2BB1X4HVT      3  5.8   135   256    5125    (-,-) 
  g29855/Y       -       S0->Y  R     MXI2X4HVT         1  4.3    61   354    5479    (-,-) 
  g30398/Y       -       B->Y   F     NAND2X8HVT        1  4.0   127   116    5594    (-,-) 
  g83/Y          -       A->Y   R     NOR2X8HVT         1  4.3    75   127    5721    (-,-) 
  g102/Y         -       B->Y   F     NOR2X8HVT         1  4.0    62    77    5798    (-,-) 
  g168/Y         -       B->Y   R     NOR2X8HVT         1  4.3    72    78    5876    (-,-) 
  g30271/Y       -       B->Y   F     NOR2X8HVT         1  4.0    62    76    5951    (-,-) 
  g30269/Y       -       B->Y   R     NOR2X8HVT         2  7.8   101    93    6044    (-,-) 
  g71/Y          -       A->Y   F     NOR2X8HVT         8 11.9   121   129    6173    (-,-) 
  g23185__7098/Y -       S0->Y  R     MX2X1HVT          2  3.0   112   338    6511    (-,-) 
  g27521/Y       -       A1N->Y R     AOI2BB1X4HVT      3  7.8   162   260    6770    (-,-) 
  g305/Y         -       B->Y   F     NOR2X6HVT         1  4.0    86   133    6903    (-,-) 
  g302/Y         -       B->Y   R     NOR3X8HVT         2  6.4   146   162    7066    (-,-) 
  g301/Y         -       B->Y   F     NOR2X6HVT         1  4.0    83   123    7189    (-,-) 
  g29788/Y       -       A->Y   R     CLKINVX8HVT       1  4.3    39    63    7252    (-,-) 
  g27367/Y       -       A->Y   F     NAND2X8HVT        1  1.8    97   105    7357    (-,-) 
  out_reg[22]/D  -       -      F     DFFRHQX1HVT       1    -     -     0    7357    (-,-) 
#-------------------------------------------------------------------------------------------



Path 9: VIOLATED (-4063 ps) Setup Check with Pin out_reg[18]/CK->D
           View: func-slow_vdd1v0.setup_cworst_CCworst
          Group: reg2reg
     Startpoint: (R) A_reg[24]/CK
          Clock: (R) DSP_MASTER
       Endpoint: (F) out_reg[18]/D
          Clock: (R) DSP_MASTER

                     Capture       Launch     
        Clock Edge:+    2500            0     
       Src Latency:+       0            0     
       Net Latency:+    1000 (I)     1000 (I) 
           Arrival:=    3500         1000     
                                              
             Setup:-     106                  
       Uncertainty:-     100                  
     Required Time:=    3294                  
      Launch Clock:-    1000                  
         Data Path:-    6357                  
             Slack:=   -4063                  

#-------------------------------------------------------------------------------------------
# Timing Point   Flags    Arc   Edge     Cell      Fanout Load Trans Delay Arrival Instance 
#                                                         (fF)  (ps)  (ps)   (ps)  Location 
#-------------------------------------------------------------------------------------------
  A_reg[24]/CK   -       -      R     (arrival)        96    -     0     0    1000    (-,-) 
  A_reg[24]/QN   -       CK->QN R     DFFRX4HVT         2  5.7    71   488    1488    (-,-) 
  g30257/Y       -       A->Y   F     NOR2X6HVT         1  2.8    70    84    1573    (-,-) 
  g30256/Y       -       B0->Y  R     AOI21X4HVT        1  3.6   104   105    1678    (-,-) 
  g30255/Y       -       B->Y   F     NOR2X6HVT         2  5.0    92   103    1781    (-,-) 
  g30195/Y       -       B->Y   R     NOR2X8HVT         2  5.0    81    95    1876    (-,-) 
  g22175__9315/Y -       B->Y   F     NOR2X4HVT         1  3.4    80    91    1968    (-,-) 
  g22157__6783/Y -       B->Y   R     NOR2X6HVT         1  3.6    79    89    2056    (-,-) 
  g22149__8428/Y -       B->Y   F     NOR2X6HVT         1  4.0    90    84    2141    (-,-) 
  g26403/Y       -       B->Y   R     NOR2X8HVT         1  4.3    76    92    2232    (-,-) 
  g30128/Y       -       A->Y   F     NAND2X8HVT        1  4.0   124   144    2376    (-,-) 
  g29992/Y       -       A->Y   R     NOR2X8HVT         4 10.7   123   154    2530    (-,-) 
  g29991/Y       -       A->Y   F     CLKINVX12HVT      7 17.4   109   124    2655    (-,-) 
  g29920/Y       -       A->Y   F     BUFX12HVT         3 10.5    77   168    2823    (-,-) 
  g75/Y          -       B->Y   R     NOR2X4HVT         1  3.6    96    99    2923    (-,-) 
  g38/Y          -       A->Y   F     NOR2X6HVT         1  4.0    80   104    3027    (-,-) 
  fopt39/Y       -       A->Y   R     INVX8HVT          3  7.6    50    69    3096    (-,-) 
  g30332/Y       -       B->Y   F     NOR2X8HVT         1  2.5    59    58    3154    (-,-) 
  g29521/Y       -       A->Y   F     CLKAND2X6HVT      5  9.6   106   169    3323    (-,-) 
  g26202/Y       -       B->Y   F     CLKAND2X6HVT      5  9.9   108   187    3510    (-,-) 
  g30318/Y       -       B->Y   F     CLKAND2X6HVT      1  4.1    61   163    3673    (-,-) 
  g155/Y         -       A->Y   R     NOR3X8HVT         2  3.9   116   145    3818    (-,-) 
  g27835/Y       -       B->Y   R     CLKAND2X6HVT      2  6.4    63   204    4022    (-,-) 
  g27834/Y       -       B->Y   F     NOR2X8HVT         2  6.6    80    79    4101    (-,-) 
  g29109/Y       -       B->Y   R     NOR2X8HVT         3  4.9    79    89    4190    (-,-) 
  g29847/Y       -       B->Y   R     CLKAND2X6HVT      2  5.3    57   181    4370    (-,-) 
  g29848/Y       -       B->Y   F     NOR2X8HVT         1  4.0    69    67    4438    (-,-) 
  g26272/Y       -       A->Y   R     CLKINVX8HVT       1  4.3    37    56    4494    (-,-) 
  g25096/Y       -       A->Y   F     NOR2X8HVT         1  4.0    63    65    4559    (-,-) 
  g26513/Y       -       A->Y   R     NOR2X8HVT         2  5.8    99   100    4658    (-,-) 
  g28180/Y       -       B->Y   F     NOR2X8HVT         1  4.0    66    90    4749    (-,-) 
  g28179/Y       -       A->Y   R     NOR2X8HVT         6 10.3   133   121    4870    (-,-) 
  g28185/Y       -       A1N->Y R     AOI2BB1X4HVT      3  5.8   135   256    5125    (-,-) 
  g29855/Y       -       S0->Y  R     MXI2X4HVT         1  4.3    61   354    5479    (-,-) 
  g30398/Y       -       B->Y   F     NAND2X8HVT        1  4.0   127   116    5594    (-,-) 
  g83/Y          -       A->Y   R     NOR2X8HVT         1  4.3    75   127    5721    (-,-) 
  g102/Y         -       B->Y   F     NOR2X8HVT         1  4.0    62    77    5798    (-,-) 
  g168/Y         -       B->Y   R     NOR2X8HVT         1  4.3    72    78    5876    (-,-) 
  g30271/Y       -       B->Y   F     NOR2X8HVT         1  4.0    62    76    5951    (-,-) 
  g30269/Y       -       B->Y   R     NOR2X8HVT         2  7.8   101    93    6044    (-,-) 
  g71/Y          -       A->Y   F     NOR2X8HVT         8 11.9   121   129    6173    (-,-) 
  g23185__7098/Y -       S0->Y  R     MX2X1HVT          2  3.0   112   338    6511    (-,-) 
  g27521/Y       -       A1N->Y R     AOI2BB1X4HVT      3  7.8   162   260    6770    (-,-) 
  g305/Y         -       B->Y   F     NOR2X6HVT         1  4.0    86   133    6903    (-,-) 
  g302/Y         -       B->Y   R     NOR3X8HVT         2  6.4   146   162    7066    (-,-) 
  g300/Y         -       B->Y   F     NOR2X6HVT         1  4.0    83   123    7189    (-,-) 
  g29791/Y       -       A->Y   R     CLKINVX8HVT       1  4.3    39    63    7252    (-,-) 
  g19/Y          -       A->Y   F     NAND2X8HVT        1  1.8    97   105    7357    (-,-) 
  out_reg[18]/D  -       -      F     DFFRHQX1HVT       1    -     -     0    7357    (-,-) 
#-------------------------------------------------------------------------------------------



Path 10: VIOLATED (-4063 ps) Setup Check with Pin out_reg[19]/CK->D
           View: func-slow_vdd1v0.setup_cworst_CCworst
          Group: reg2reg
     Startpoint: (R) B_reg[21]/CK
          Clock: (R) DSP_MASTER
       Endpoint: (F) out_reg[19]/D
          Clock: (R) DSP_MASTER

                     Capture       Launch     
        Clock Edge:+    2500            0     
       Src Latency:+       0            0     
       Net Latency:+    1000 (I)     1000 (I) 
           Arrival:=    3500         1000     
                                              
             Setup:-     125                  
       Uncertainty:-     100                  
     Required Time:=    3275                  
      Launch Clock:-    1000                  
         Data Path:-    6338                  
             Slack:=   -4063                  

#--------------------------------------------------------------------------------------------
#  Timing Point   Flags    Arc   Edge     Cell      Fanout Load Trans Delay Arrival Instance 
#                                                          (fF)  (ps)  (ps)   (ps)  Location 
#--------------------------------------------------------------------------------------------
  B_reg[21]/CK    -       -      R     (arrival)        96    -     0     0    1000    (-,-) 
  B_reg[21]/QN    -       CK->QN F     DFFRX4HVT         3  7.0   112   535    1535    (-,-) 
  g22375__24634/Y -       B->Y   R     NOR2X8HVT         2  7.1    99   114    1650    (-,-) 
  g25330/Y        -       C->Y   F     NOR3X6HVT         2  4.2    92   102    1751    (-,-) 
  g26378/Y        -       B->Y   F     CLKAND2X6HVT      2  3.8    59   153    1904    (-,-) 
  g26376/Y        -       A1->Y  R     AOI21X4HVT        1  4.3   113   115    2019    (-,-) 
  g30131/Y        -       B->Y   F     NAND2X8HVT        2  4.4   138   146    2165    (-,-) 
  g30129/Y        -       B->Y   R     NAND2X6HVT        1  4.3    57    99    2264    (-,-) 
  g30128/Y        -       B->Y   F     NAND2X8HVT        1  4.0   124   113    2377    (-,-) 
  g29992/Y        -       A->Y   R     NOR2X8HVT         4 10.7   123   154    2531    (-,-) 
  g29991/Y        -       A->Y   F     CLKINVX12HVT      7 17.4   109   124    2655    (-,-) 
  g29920/Y        -       A->Y   F     BUFX12HVT         3 10.5    77   168    2824    (-,-) 
  g75/Y           -       B->Y   R     NOR2X4HVT         1  3.6    96    99    2923    (-,-) 
  g38/Y           -       A->Y   F     NOR2X6HVT         1  4.0    80   104    3027    (-,-) 
  fopt39/Y        -       A->Y   R     INVX8HVT          3  7.6    50    69    3096    (-,-) 
  g30332/Y        -       B->Y   F     NOR2X8HVT         1  2.5    59    58    3154    (-,-) 
  g29521/Y        -       A->Y   F     CLKAND2X6HVT      5  9.6   106   169    3324    (-,-) 
  g26202/Y        -       B->Y   F     CLKAND2X6HVT      5  9.9   108   187    3510    (-,-) 
  g30318/Y        -       B->Y   F     CLKAND2X6HVT      1  4.1    61   163    3674    (-,-) 
  g155/Y          -       A->Y   R     NOR3X8HVT         2  3.9   116   145    3818    (-,-) 
  g27835/Y        -       B->Y   R     CLKAND2X6HVT      2  6.4    63   204    4022    (-,-) 
  g27834/Y        -       B->Y   F     NOR2X8HVT         2  6.6    80    79    4101    (-,-) 
  g29109/Y        -       B->Y   R     NOR2X8HVT         3  4.9    79    89    4190    (-,-) 
  g29847/Y        -       B->Y   R     CLKAND2X6HVT      2  5.3    57   181    4371    (-,-) 
  g29848/Y        -       B->Y   F     NOR2X8HVT         1  4.0    69    67    4438    (-,-) 
  g26272/Y        -       A->Y   R     CLKINVX8HVT       1  4.3    37    56    4494    (-,-) 
  g25096/Y        -       A->Y   F     NOR2X8HVT         1  4.0    63    65    4559    (-,-) 
  g26513/Y        -       A->Y   R     NOR2X8HVT         2  5.8    99   100    4659    (-,-) 
  g28180/Y        -       B->Y   F     NOR2X8HVT         1  4.0    66    90    4749    (-,-) 
  g28179/Y        -       A->Y   R     NOR2X8HVT         6 10.3   133   121    4870    (-,-) 
  g30321/Y        -       B->Y   F     NOR2X6HVT         2  6.6   102   127    4998    (-,-) 
  g30320/Y        -       A->Y   R     NOR2X8HVT         3  6.5    90   123    5121    (-,-) 
  fopt29355/Y     -       A->Y   R     BUFX6HVT          3  7.6    64   165    5286    (-,-) 
  g179/Y          -       B->Y   F     NOR2X8HVT         2  6.0    81    78    5364    (-,-) 
  g30217/Y        -       B->Y   R     NOR2X8HVT         1  4.3    74    87    5451    (-,-) 
  g30214/Y        -       B->Y   F     NOR2X8HVT         1  4.0    73    77    5527    (-,-) 
  g30394/Y        -       B->Y   R     NOR2X8HVT         3  5.0    79    86    5613    (-,-) 
  g30393/Y        -       B->Y   R     CLKAND2X6HVT      1  4.3    52   178    5792    (-,-) 
  g30270/Y        -       B->Y   F     NAND2X8HVT        1  4.0   127   111    5902    (-,-) 
  g30269/Y        -       A->Y   R     NOR2X8HVT         2  7.8   101   142    6045    (-,-) 
  g71/Y           -       A->Y   F     NOR2X8HVT         8 11.9   121   129    6173    (-,-) 
  g23200__2346/Y  -       S0->Y  R     MX2X1HVT          2  3.0   112   338    6511    (-,-) 
  g25118/Y        -       A->Y   R     BUFX3HVT          1  3.6    59   178    6688    (-,-) 
  g27506/Y        -       B->Y   F     NOR2X6HVT         2  4.5    82    75    6764    (-,-) 
  g27507/Y        -       B0->Y  R     AOI21X4HVT        1  2.9    93   105    6868    (-,-) 
  g23065__9315/Y  -       A1->Y  F     OAI21X4HVT        1  2.8   159   172    7041    (-,-) 
  g30617/Y        -       B->Y   R     NOR2X4HVT         1  2.9    97   137    7178    (-,-) 
  g30698/Y        -       A1->Y  F     OAI21X4HVT        1  1.8   131   160    7338    (-,-) 
  out_reg[19]/D   -       -      F     DFFRHQX1HVT       1    -     -     0    7338    (-,-) 
#--------------------------------------------------------------------------------------------


