============================================================
  Generated by:           Genus(TM) Synthesis Solution 21.10-p002_1
  Generated on:           Apr 27 2025  04:13:16 pm
  Module:                 posit_mult
  Operating conditions:   PVT_0P9V_125C 
  Interconnect mode:      global
  Area mode:              physical library
============================================================

                                    Leakage    Internal                 Library 
    Gate      Instances    Area   Power (nW)  Power (nW)     Library     Domain 
--------------------------------------------------------------------------------
ADDFX1HVT            82   420.660      7.183   34385.739    slow_vdd1v0       0 
ADDHX1HVT            31   116.622      1.905   16742.261    slow_vdd1v0       0 
ADDHX4HVT             1     7.182      0.179     311.184    slow_vdd1v0       0 
AND2X1HVT            16    21.888      0.345     622.179    slow_vdd1v0       0 
AND2X2HVT            16    27.360      0.558    1095.045    slow_vdd1v0       0 
AND2X4HVT             5    13.680      0.338    1553.200    slow_vdd1v0       0 
AND3XLHVT             4     8.208      0.082     542.927    slow_vdd1v0       0 
AO21X1HVT            18    43.092      0.519    1543.146    slow_vdd1v0       0 
AO21X2HVT             5    13.680      0.248     234.105    slow_vdd1v0       0 
AO22X1HVT           101   276.336      3.314    8200.366    slow_vdd1v0       0 
AO22X2HVT             3     9.234      0.129     276.717    slow_vdd1v0       0 
AO22X4HVT            16    60.192      1.429   23841.726    slow_vdd1v0       0 
AOI211X2HVT           1     3.420      0.030      26.121    slow_vdd1v0       0 
AOI21X1HVT            8    13.680      0.277    2152.589    slow_vdd1v0       0 
AOI21X2HVT            2     5.472      0.130     115.708    slow_vdd1v0       0 
AOI221X2HVT           2     8.892      0.244     199.545    slow_vdd1v0       0 
AOI22X2HVT            1     3.762      0.093     386.995    slow_vdd1v0       0 
AOI31X2HVT            2     6.840      0.221       7.085    slow_vdd1v0       0 
CLKINVX4HVT           1     1.710      0.029       0.000    slow_vdd1v0       0 
CLKXOR2X1HVT          4    10.944      0.164    2114.183    slow_vdd1v0       0 
INVX1HVT             82    56.088      1.127    5182.056    slow_vdd1v0       0 
INVX2HVT              5     5.130      0.137     205.418    slow_vdd1v0       0 
INVX3HVT             14    19.152      0.631     843.782    slow_vdd1v0       0 
INVX4HVT              4     6.840      0.266     511.603    slow_vdd1v0       0 
MX2X1HVT             53   126.882      1.893   36016.606    slow_vdd1v0       0 
MXI2X2HVT            13    57.798      0.757   15413.400    slow_vdd1v0       0 
NAND2BX1HVT          12    16.416      0.319    1651.853    slow_vdd1v0       0 
NAND2BX2HVT          13    31.122      0.764     295.764    slow_vdd1v0       0 
NAND2X1HVT           30    30.780      0.630    1113.150    slow_vdd1v0       0 
NAND2X2HVT            8    13.680      0.361     429.559    slow_vdd1v0       0 
NAND2X4HVT            3    10.260      0.264     213.194    slow_vdd1v0       0 
NAND3BX2HVT           1     3.078      0.064      28.170    slow_vdd1v0       0 
NOR2BX1HVT           31    42.408      0.674    3302.842    slow_vdd1v0       0 
NOR2BX4HVT            2     7.524      0.174     129.871    slow_vdd1v0       0 
NOR2X1HVT            24    24.624      0.423     563.950    slow_vdd1v0       0 
NOR2X2HVT             5     8.550      0.136      78.183    slow_vdd1v0       0 
NOR2X4HVT             2     6.156      0.201     529.859    slow_vdd1v0       0 
NOR2XLHVT            19    19.494      0.155     720.613    slow_vdd1v0       0 
NOR3BX1HVT            6    12.312      0.133    1525.766    slow_vdd1v0       0 
NOR3BX2HVT            2     6.840      0.071      72.762    slow_vdd1v0       0 
NOR3X1HVT             5     8.550      0.099     394.897    slow_vdd1v0       0 
NOR3X2HVT             1     2.736      0.037       1.518    slow_vdd1v0       0 
NOR4BX2HVT            1     4.788      0.057     322.159    slow_vdd1v0       0 
OA21X1HVT             2     4.104      0.054     420.905    slow_vdd1v0       0 
OA22X1HVT             9    21.546      0.279    1043.449    slow_vdd1v0       0 
OAI21X1HVT           17    29.070      0.420    2007.898    slow_vdd1v0       0 
OAI21X2HVT            2     6.156      0.117     142.375    slow_vdd1v0       0 
OAI22X2HVT            2     6.840      0.136     164.001    slow_vdd1v0       0 
OAI2BB1X1HVT         14    23.940      0.385    1931.029    slow_vdd1v0       0 
OAI2BB1X2HVT          2     6.156      0.091     503.358    slow_vdd1v0       0 
OAI31X1HVT            2     4.104      0.078      82.362    slow_vdd1v0       0 
OAI31X2HVT            1     3.762      0.063     791.635    slow_vdd1v0       0 
OAI32X2HVT            1     4.446      0.072      29.275    slow_vdd1v0       0 
OR2X1HVT             41    56.088      1.087    2064.138    slow_vdd1v0       0 
OR2X2HVT              8    13.680      0.328     657.062    slow_vdd1v0       0 
OR2X4HVT              2     5.472      0.177    1151.282    slow_vdd1v0       0 
OR2X6HVT              1     3.762      0.149    1220.759    slow_vdd1v0       0 
OR3X1HVT              6    12.312      0.193     862.706    slow_vdd1v0       0 
OR3X4HVT              2     6.156      0.191     182.981    slow_vdd1v0       0 
OR4X1HVT              3     6.156      0.095     580.850    slow_vdd1v0       0 
XNOR2X1HVT          151   361.494      6.191   17806.458    slow_vdd1v0       0 
XNOR2X2HVT            6    18.468      0.329     201.555    slow_vdd1v0       0 
XNOR2X4HVT            3    11.286      0.299    1110.159    slow_vdd1v0       0 
--------------------------------------------------------------------------------
total               930  2199.060     37.522  196852.035                


                                           Leakage  Leakage  Internal  Internal 
     Type      Instances   Area   Area % Power (nW) Power % Power (nW)  Power % 
--------------------------------------------------------------------------------
inverter             106   88.920    4.0      2.190     5.8   6742.860      3.4 
logic                824 2110.140   96.0     35.332    94.2 190109.175     96.6 
physical_cells         0    0.000    0.0      0.000     0.0      0.000      0.0 
--------------------------------------------------------------------------------
total                930 2199.060  100.0     37.522   100.0 196852.035    100.0 

