============================================================
  Generated by:           Genus(TM) Synthesis Solution 21.10-p002_1
  Generated on:           Apr 27 2025  04:13:15 pm
  Module:                 posit_mult
  Operating conditions:   PVT_0P9V_125C 
  Interconnect mode:      global
  Area mode:              physical library
============================================================

Timing
-------
               Analysis                 Cost   Critical        Violating 
                 View                  Group  Path Slack  TNS    Paths   
-------------------------------------------------------------------------
func-slow_vdd1v0.setup_cworst_CCworst default   No paths  0.0          0 
                                       in2out   No paths  0.0          0 
-------------------------------------------------------------------------
Total                                                    -0.0          0 
                                                                         

Instance Count
--------------
Leaf Instance Count             930 
Physical Instance count           0 
Sequential Instance Count         0 
Combinational Instance Count    930 
Hierarchical Instance Count       0 

Area
----
Cell Area                          2199.060
Physical Cell Area                 0.000
Total Cell Area (Cell+Physical)    2199.060
Net Area                           1243.916
Total Area (Cell+Physical+Net)     3442.976

Max Fanout                         19 (n_452)
Min Fanout                         1 (start)
Average Fanout                     2.1
Terms to net ratio                 3.0975
Terms to instance ratio            3.5871
Runtime                            129.109394 seconds
Elapsed Runtime                    132 seconds
Genus peak memory usage            1252.69 
Innovus peak memory usage          no_value 
Hostname                           vspace.ecdl.hut.fi
