============================================================
  Generated by:           Genus(TM) Synthesis Solution 21.10-p002_1
  Generated on:           Apr 27 2025  04:13:15 pm
  Module:                 posit_mult
  Operating conditions:   PVT_0P9V_125C 
  Interconnect mode:      global
  Area mode:              physical library
============================================================

# SETUP                                        WNS  TNS    FEP 
# ---------------------------------------------------------------
 View: ALL                                     N/A  N/A    N/A 
    Group : default                            N/A  N/A    N/A 
    Group : in2out                             N/A  N/A    N/A 

 View: func-slow_vdd1v0.setup_cworst_CCworst   N/A  N/A    N/A 
    Group : default                            N/A  N/A    N/A 
    Group : in2out                             N/A  N/A    N/A 

# ---------------------------------------------------------------
# DRV                                          WNS  TNS  FEP 
# -------------------------------------------------------------
 View: ALL                                                   
    Check: max_transition                      N/A  N/A    0 
    Check: max_capacitance                     N/A  N/A    0 
    Check: max_fanout                          N/A  N/A    0 

 View: func-slow_vdd1v0.setup_cworst_CCworst                 
    Check: max_transition                      N/A  N/A    0 
    Check: max_capacitance                     N/A  N/A    0 
    Check: max_fanout                          N/A  N/A    0 

# -------------------------------------------------------------
