============================================================
  Generated by:           Genus(TM) Synthesis Solution 21.10-p002_1
  Generated on:           Apr 16 2025  01:54:23 pm
  Module:                 pic_rtl
  Operating conditions:   PVT_0P9V_125C 
  Interconnect mode:      global
  Area mode:              physical library
============================================================


Summary
-------
--------------------------------------------------------------------------
            Category            Number     %    Average Toggle Saving %   
--------------------------------------------------------------------------
 Total Clock Gating Instances        0  100.00                         -  
--------------------------------------------------------------------------
 RC Clock Gating Instances           0    0.00                      0.00  
 Non-RC Clock Gating Instances       0    0.00                      0.00  
--------------------------------------------------------------------------
 RC Gated Flip-flops                 0    0.00                      0.00  
 Non-RC Gated Flip-flops             0    0.00                      0.00  
--------------------------------------------------------------------------
 Total Gated Flip-flops              0    0.00                         -  
 Total Ungated Flip-flops         1150  100.00                         -  
 Enable not found                 1150  100.00                         -  
--------------------------------------------------------------------------
 Total Flip-flops                 1150  100.00                         -  
--------------------------------------------------------------------------
Multibit Flip-flop Summary
--------------------------
-------------------------------------------------------
Width     Number     Bits     RC Gated     Ungated     
-------------------------------------------------------
1-bit     1150       1150     0 (0.00%)    1150 (100.00%) 
----------------------------------------------------------


