============================================================
  Generated by:           Genus(TM) Synthesis Solution 21.10-p002_1
  Generated on:           Apr 16 2025  01:54:22 pm
  Module:                 pic_rtl
  Operating conditions:   PVT_0P9V_125C 
  Interconnect mode:      global
  Area mode:              physical library
============================================================

                                     Leakage   Internal                 Library 
    Gate      Instances    Area    Power (nW) Power (nW)     Library     Domain 
--------------------------------------------------------------------------------
ADDFX1HVT             6     30.780      0.544     26.848    slow_vdd1v0       0 
ADDHX1HVT            27    101.574      1.673     53.190    slow_vdd1v0       0 
AND2X1HVT           122    166.896      2.807     29.745    slow_vdd1v0       0 
AND2X2HVT           174    297.540      5.098     16.484    slow_vdd1v0       0 
AND2X4HVT           146    399.456      8.775     25.468    slow_vdd1v0       0 
AND3X1HVT             4      9.576      0.092      0.974    slow_vdd1v0       0 
AND3X2HVT             5     13.680      0.152      4.572    slow_vdd1v0       0 
AND3X4HVT             1      3.078      0.073     -0.000    slow_vdd1v0       0 
AND3XLHVT            99    203.148      2.029      4.482    slow_vdd1v0       0 
AND4X1HVT             5     11.970      0.133      3.066    slow_vdd1v0       0 
AND4X2HVT             1      3.078      0.036      0.030    slow_vdd1v0       0 
AND4X4HVT             1      3.762      0.078      0.058    slow_vdd1v0       0 
AND4XLHVT            24     57.456      0.562      6.034    slow_vdd1v0       0 
AO21X1HVT             9     21.546      0.266      4.327    slow_vdd1v0       0 
AO21X2HVT             1      2.736      0.042      0.718    slow_vdd1v0       0 
AO21X4HVT             1      3.420      0.074      1.740    slow_vdd1v0       0 
AO22X1HVT          1084   2965.824     39.423    399.557    slow_vdd1v0       0 
AOI21X1HVT           52     88.920      2.215     17.926    slow_vdd1v0       0 
AOI221X2HVT           1      4.446      0.160      1.763    slow_vdd1v0       0 
AOI222X2HVT          16     87.552      2.605      1.278    slow_vdd1v0       0 
AOI22X1HVT            1      2.052      0.045      0.644    slow_vdd1v0       0 
AOI22X2HVT          488   1835.856     52.707     69.797    slow_vdd1v0       0 
AOI2BB1X1HVT          8     16.416      0.338      6.601    slow_vdd1v0       0 
BUFX16HVT             8     54.720      2.022     75.948    slow_vdd1v0       0 
BUFX2HVT              5      8.550      0.129      3.325    slow_vdd1v0       0 
BUFX4HVT              7     16.758      0.397      8.978    slow_vdd1v0       0 
CLKBUFX20HVT          8     65.664      2.545     95.063    slow_vdd1v0       0 
CLKINVX4HVT          15     25.650      0.636     13.187    slow_vdd1v0       0 
CLKINVX6HVT          22     52.668      1.716     20.161    slow_vdd1v0       0 
CLKXOR2X1HVT          5     13.680      0.202      8.564    slow_vdd1v0       0 
DFFHQX1HVT         1021   5586.912     91.966   7204.598    slow_vdd1v0       0 
DFFQX4HVT             2     14.364      0.242     13.325    slow_vdd1v0       0 
DFFRHQX1HVT           3     18.468      0.282     34.652    slow_vdd1v0       0 
DFFRHQX4HVT          12    114.912      1.777    164.672    slow_vdd1v0       0 
DFFRX1HVT             4     27.360      0.365     38.467    slow_vdd1v0       0 
DFFRX2HVT             2     15.048      0.250     20.982    slow_vdd1v0       0 
DFFRX4HVT             1      9.576      0.207     12.500    slow_vdd1v0       0 
DFFX4HVT              1      9.234      0.203      7.574    slow_vdd1v0       0 
INVX1HVT             48     32.832      0.615      5.724    slow_vdd1v0       0 
INVX2HVT             12     12.312      0.388      3.483    slow_vdd1v0       0 
INVX3HVT              5      6.840      0.195      2.160    slow_vdd1v0       0 
INVX4HVT              3      5.130      0.121      2.538    slow_vdd1v0       0 
INVXLHVT             15     10.260      0.095      1.204    slow_vdd1v0       0 
MX2X1HVT             11     26.334      0.442      8.312    slow_vdd1v0       0 
MXI2X1HVT             2      5.472      0.083      1.798    slow_vdd1v0       0 
NAND2BX1HVT           3      4.104      0.085      1.241    slow_vdd1v0       0 
NAND2BX2HVT           4      9.576      0.188      6.787    slow_vdd1v0       0 
NAND2X1HVT          115    117.990      1.829     12.453    slow_vdd1v0       0 
NAND2X2HVT           14     23.940      0.611      5.388    slow_vdd1v0       0 
NAND2X4HVT            5     17.100      0.546      3.716    slow_vdd1v0       0 
NAND3BX2HVT          24     73.872      1.224     22.196    slow_vdd1v0       0 
NAND3X2HVT           18     49.248      0.783      8.491    slow_vdd1v0       0 
NOR2BX1HVT           34     46.512      0.737     23.019    slow_vdd1v0       0 
NOR2BX2HVT            1      2.736      0.025      0.230    slow_vdd1v0       0 
NOR2X1HVT            48     49.248      1.042      8.361    slow_vdd1v0       0 
NOR2X2HVT            18     30.780      0.931     11.463    slow_vdd1v0       0 
NOR2X4HVT             5     15.390      0.468      2.895    slow_vdd1v0       0 
NOR2X6HVT             1      4.104      0.131      1.216    slow_vdd1v0       0 
NOR2XLHVT             8      8.208      0.089      1.449    slow_vdd1v0       0 
NOR3BX1HVT            4      8.208      0.082      1.708    slow_vdd1v0       0 
NOR3X1HVT             2      3.420      0.067      1.913    slow_vdd1v0       0 
NOR3X2HVT             3      8.208      0.190      1.595    slow_vdd1v0       0 
NOR4X2HVT             1      3.420      0.043      0.161    slow_vdd1v0       0 
OA21X1HVT            13     26.676      0.376      6.808    slow_vdd1v0       0 
OA21X2HVT             1      3.078      0.043      1.662    slow_vdd1v0       0 
OA21X4HVT             1      3.762      0.077      3.282    slow_vdd1v0       0 
OA22X1HVT            27     64.638      0.814     13.424    slow_vdd1v0       0 
OAI21X1HVT           16     27.360      0.461      7.228    slow_vdd1v0       0 
OAI21X2HVT            1      3.078      0.038      0.884    slow_vdd1v0       0 
OAI22X2HVT            6     20.520      0.264      2.812    slow_vdd1v0       0 
OAI2BB1X1HVT         37     63.270      1.045     46.508    slow_vdd1v0       0 
OAI2BB1X2HVT          4     12.312      0.180      4.943    slow_vdd1v0       0 
OAI2BB2X2HVT          1      5.472      0.060      1.673    slow_vdd1v0       0 
OAI31X1HVT            2      4.104      0.077      1.173    slow_vdd1v0       0 
OAI31X4HVT            1      6.840      0.148      2.672    slow_vdd1v0       0 
OR2X1HVT             40     54.720      1.063     19.921    slow_vdd1v0       0 
OR2X2HVT            156    266.760      7.115     14.788    slow_vdd1v0       0 
OR2X4HVT             17     46.512      1.605     10.307    slow_vdd1v0       0 
OR3X1HVT              5     10.260      0.159      1.531    slow_vdd1v0       0 
OR3X2HVT              3      7.182      0.146      1.196    slow_vdd1v0       0 
OR3X4HVT             22     67.716      2.144     49.765    slow_vdd1v0       0 
OR4X1HVT             19     38.988      0.874      7.574    slow_vdd1v0       0 
OR4X6HVT              8     43.776      1.711     38.213    slow_vdd1v0       0 
SDFFRHQX1HVT        104    853.632     13.087   1321.678    slow_vdd1v0       0 
TLATNX1HVT            3     17.442      0.264      4.586    slow_vdd1v0       0 
TLATNX2HVT            5     30.780      0.675     17.879    slow_vdd1v0       0 
TLATNX4HVT            1      8.892      0.241      5.510    slow_vdd1v0       0 
TLATX1HVT           106    580.032      9.155    183.397    slow_vdd1v0       0 
TLATX2HVT             9     55.404      1.243     26.559    slow_vdd1v0       0 
TLATX4HVT            21    172.368      5.188    126.947    slow_vdd1v0       0 
XNOR2X1HVT           11     26.334      0.482     17.457    slow_vdd1v0       0 
--------------------------------------------------------------------------------
total              4436  15461.478    282.612  10477.175                


                                            Leakage  Leakage  Internal  Internal 
     Type      Instances    Area   Area % Power (nW) Power % Power (nW)  Power % 
---------------------------------------------------------------------------------
sequential          1295  7514.424   48.6    125.144    44.3   9183.326     87.7 
inverter             120   145.692    0.9      3.767     1.3     48.456      0.5 
buffer                28   145.692    0.9      5.093     1.8    183.313      1.7 
logic               2993  7655.670   49.5    148.608    52.6   1062.080     10.1 
physical_cells         0     0.000    0.0      0.000     0.0      0.000      0.0 
---------------------------------------------------------------------------------
total               4436 15461.478  100.0    282.612   100.0  10477.175    100.0 

