============================================================
  Generated by:           Genus(TM) Synthesis Solution 21.10-p002_1
  Generated on:           Apr 16 2025  01:54:20 pm
  Module:                 pic_rtl
  Operating conditions:   PVT_0P9V_125C 
  Interconnect mode:      global
  Area mode:              physical library
============================================================

Timing
--------

            Analysis view                Clock    Period  
----------------------------------------------------------
func-slow_vdd1v0.setup_cworst_CCworst DSP_MASTER 250000.0 


               Analysis                 Cost   Critical        Violating 
                 View                  Group  Path Slack  TNS    Paths   
-------------------------------------------------------------------------
func-slow_vdd1v0.setup_cworst_CCworst default   No paths  0.0          0 
                                       in2out   No paths  0.0          0 
                                       in2reg   220230.7  0.0          0 
                                      reg2out   218079.0  0.0          0 
                                      reg2reg   245802.4  0.0          0 
-------------------------------------------------------------------------
Total                                                    -0.0          0 
                                                                         

Instance Count
--------------
Leaf Instance Count             4436 
Physical Instance count            0 
Sequential Instance Count       1295 
Combinational Instance Count    3141 
Hierarchical Instance Count        0 

Area
----
Cell Area                          15461.478
Physical Cell Area                 0.000
Total Cell Area (Cell+Physical)    15461.478
Net Area                           5859.816
Total Area (Cell+Physical+Net)     21321.294

Max Fanout                         1150 (clk)
Min Fanout                         1 (alu_status_out_reg[0])
Average Fanout                     2.8
Terms to net ratio                 3.8708
Terms to instance ratio            3.9310
Runtime                            207.8598060000001 seconds
Elapsed Runtime                    205 seconds
Genus peak memory usage            1273.22 
Innovus peak memory usage          no_value 
Hostname                           vspace.ecdl.hut.fi
