============================================================
  Generated by:           Genus(TM) Synthesis Solution 21.10-p002_1
  Generated on:           Apr 16 2025  01:54:20 pm
  Module:                 pic_rtl
  Operating conditions:   PVT_0P9V_125C 
  Interconnect mode:      global
  Area mode:              physical library
============================================================

# SETUP                                             WNS   TNS    FEP 
# ---------------------------------------------------------------------
 View: ALL                                     218079.0   0.0      0 
    Group : default                                 N/A   N/A    N/A 
    Group : in2out                                  N/A   N/A    N/A 
    Group : in2reg                             220230.7   0.0      0 
    Group : reg2out                            218079.0   0.0      0 
    Group : reg2reg                            245802.4   0.0      0 

 View: func-slow_vdd1v0.setup_cworst_CCworst   218079.0  -0.0      0 
    Group : default                                 N/A   N/A    N/A 
    Group : in2out                                  N/A   N/A    N/A 
    Group : in2reg                             220230.7   0.0      0 
    Group : reg2out                            218079.0   0.0      0 
    Group : reg2reg                            245802.4   0.0      0 

# ---------------------------------------------------------------------
# DRV                                          WNS  TNS  FEP 
# -------------------------------------------------------------
 View: ALL                                                   
    Check: max_transition                      N/A  N/A    0 
    Check: max_capacitance                     N/A  N/A    0 
    Check: max_fanout                          N/A  N/A    0 

 View: func-slow_vdd1v0.setup_cworst_CCworst                 
    Check: max_transition                      N/A  N/A    0 
    Check: max_capacitance                     N/A  N/A    0 
    Check: max_fanout                          N/A  N/A    0 

# -------------------------------------------------------------
