============================================================
  Generated by:           Genus(TM) Synthesis Solution 21.10-p002_1
  Generated on:           Apr 16 2025  01:54:20 pm
  Module:                 pic_rtl
  Operating conditions:   PVT_0P9V_125C 
  Interconnect mode:      global
  Area mode:              physical library
============================================================


Path 1: MET (218079 ps) Late External Delay Assertion at pin alu_status_out[2]
           View: func-slow_vdd1v0.setup_cworst_CCworst
          Group: reg2out
     Startpoint: (R) current_state_reg[0]/CK
          Clock: (R) DSP_MASTER
       Endpoint: (R) alu_status_out[2]
          Clock: (R) DSP_MASTER

                     Capture       Launch     
        Clock Edge:+  250000            0     
       Src Latency:+       0            0     
       Net Latency:+    1000 (I)     1000 (I) 
           Arrival:=  251000         1000     
                                              
      Output Delay:-   25000                  
       Uncertainty:-     100                  
     Required Time:=  225900                  
      Launch Clock:-    1000                  
         Data Path:-    6821                  
             Slack:=  218079                  

Exceptions/Constraints:
  output_delay            25000            timing_constraints.t_line_88_74_1 

#---------------------------------------------------------------------------------------------------
#      Timing Point       Flags   Arc   Edge     Cell      Fanout Load Trans Delay Arrival Instance 
#                                                                 (fF)  (ps)  (ps)   (ps)  Location 
#---------------------------------------------------------------------------------------------------
  current_state_reg[0]/CK -       -     R     (arrival)      1150    -     0     0    1000    (-,-) 
  current_state_reg[0]/Q  -       CK->Q R     DFFRX1HVT         4  4.8   164   479    1479    (-,-) 
  g102725/Y               -       A->Y  R     OR2X1HVT          3  4.4   142   264    1743    (-,-) 
  g102689/Y               -       A->Y  R     OR2X2HVT          5  6.5   122   272    2015    (-,-) 
  g102674/Y               -       A->Y  F     INVX1HVT          2  2.8   162   172    2187    (-,-) 
  g102299/Y               -       A->Y  F     AND2X1HVT         4  4.9   241   264    2451    (-,-) 
  g102276/Y               -       AN->Y F     NOR2BX1HVT        1  2.2   144   244    2695    (-,-) 
  g102270/Y               -       B->Y  R     NOR2X2HVT         3  5.0   202   199    2893    (-,-) 
  g101531/Y               -       B->Y  R     OR2X4HVT         11 12.3   125   295    3188    (-,-) 
  g101509/Y               -       A->Y  F     INVX2HVT          5  6.3   185   177    3366    (-,-) 
  g101235/Y               -       B->Y  F     AND2X2HVT         7  7.9   208   282    3647    (-,-) 
  g100925/Y               -       A->Y  F     AND2X1HVT         1  1.8   102   214    3861    (-,-) 
  g100776/Y               -       C->Y  F     OR3X1HVT          2  2.9   160   292    4153    (-,-) 
  g100623/Y               -       B->Y  R     NOR2X1HVT         1  1.8   152   186    4339    (-,-) 
  g100573/Y               -       B1->Y R     OA22X1HVT         1  1.9    84   338    4677    (-,-) 
  g100556/Y               -       B0->Y F     OAI2BB1X1HVT      1  1.9   251   230    4907    (-,-) 
  g100538/Y               -       B0->Y R     AOI21X1HVT        1  1.8   167   252    5159    (-,-) 
  g100518/Y               -       B0->Y R     OA21X1HVT         1  1.9    81   325    5483    (-,-) 
  g100492/Y               -       B->Y  F     NAND2X1HVT        1  1.9   249   206    5690    (-,-) 
  g100485/Y               -       B->Y  R     NOR2X1HVT         1  2.3   190   258    5948    (-,-) 
  g98865__6783/Y          -       B->Y  F     NAND2X2HVT        1  2.2   188   227    6175    (-,-) 
  g98800__7482/Y          -       B->Y  R     NOR2X2HVT         2  3.9   175   204    6379    (-,-) 
  g98799/Y                -       A->Y  F     CLKINVX4HVT       3 18.6   268   240    6619    (-,-) 
  g98268__9315/Y          -       B->Y  F     OR4X1HVT          1  1.9   122   495    7114    (-,-) 
  g98267__5107/Y          -       C->Y  R     NOR3X1HVT         1  1.9   243   217    7332    (-,-) 
  g98266__2398/Y          -       A1->Y R     OA21X4HVT         2 17.6   190   489    7821    (-,-) 
  alu_status_out[2]       -       -     R     (port)            -    -     -     0    7821    (-,-) 
#---------------------------------------------------------------------------------------------------



Path 2: MET (218118 ps) Late External Delay Assertion at pin alu_status_out[2]
           View: func-slow_vdd1v0.setup_cworst_CCworst
          Group: reg2out
     Startpoint: (R) current_state_reg[0]/CK
          Clock: (R) DSP_MASTER
       Endpoint: (R) alu_status_out[2]
          Clock: (R) DSP_MASTER

                     Capture       Launch     
        Clock Edge:+  250000            0     
       Src Latency:+       0            0     
       Net Latency:+    1000 (I)     1000 (I) 
           Arrival:=  251000         1000     
                                              
      Output Delay:-   25000                  
       Uncertainty:-     100                  
     Required Time:=  225900                  
      Launch Clock:-    1000                  
         Data Path:-    6782                  
             Slack:=  218118                  

Exceptions/Constraints:
  output_delay            25000            timing_constraints.t_line_88_74_1 

#---------------------------------------------------------------------------------------------------
#      Timing Point       Flags   Arc   Edge     Cell      Fanout Load Trans Delay Arrival Instance 
#                                                                 (fF)  (ps)  (ps)   (ps)  Location 
#---------------------------------------------------------------------------------------------------
  current_state_reg[0]/CK -       -     R     (arrival)      1150    -     0     0    1000    (-,-) 
  current_state_reg[0]/Q  -       CK->Q F     DFFRX1HVT         4  4.8   235   420    1420    (-,-) 
  g102725/Y               -       A->Y  F     OR2X1HVT          3  4.3   218   347    1767    (-,-) 
  g102689/Y               -       A->Y  F     OR2X2HVT          5  6.4   182   359    2126    (-,-) 
  g101893/Y               -       C->Y  R     NOR3X1HVT         1  1.8   235   245    2372    (-,-) 
  g101801/Y               -       B->Y  R     AND2X2HVT         8 10.9   208   465    2837    (-,-) 
  g101531/Y               -       A->Y  R     OR2X4HVT         11 12.3   125   312    3149    (-,-) 
  g101509/Y               -       A->Y  F     INVX2HVT          5  6.3   185   177    3327    (-,-) 
  g101235/Y               -       B->Y  F     AND2X2HVT         7  7.9   208   282    3608    (-,-) 
  g100925/Y               -       A->Y  F     AND2X1HVT         1  1.8   102   214    3822    (-,-) 
  g100776/Y               -       C->Y  F     OR3X1HVT          2  2.9   160   292    4114    (-,-) 
  g100623/Y               -       B->Y  R     NOR2X1HVT         1  1.8   152   186    4300    (-,-) 
  g100573/Y               -       B1->Y R     OA22X1HVT         1  1.9    84   338    4638    (-,-) 
  g100556/Y               -       B0->Y F     OAI2BB1X1HVT      1  1.9   251   230    4868    (-,-) 
  g100538/Y               -       B0->Y R     AOI21X1HVT        1  1.8   167   252    5120    (-,-) 
  g100518/Y               -       B0->Y R     OA21X1HVT         1  1.9    81   325    5444    (-,-) 
  g100492/Y               -       B->Y  F     NAND2X1HVT        1  1.9   249   206    5651    (-,-) 
  g100485/Y               -       B->Y  R     NOR2X1HVT         1  2.3   190   258    5909    (-,-) 
  g98865__6783/Y          -       B->Y  F     NAND2X2HVT        1  2.2   188   227    6136    (-,-) 
  g98800__7482/Y          -       B->Y  R     NOR2X2HVT         2  3.9   175   204    6340    (-,-) 
  g98799/Y                -       A->Y  F     CLKINVX4HVT       3 18.6   268   240    6580    (-,-) 
  g98268__9315/Y          -       B->Y  F     OR4X1HVT          1  1.9   122   495    7076    (-,-) 
  g98267__5107/Y          -       C->Y  R     NOR3X1HVT         1  1.9   243   217    7293    (-,-) 
  g98266__2398/Y          -       A1->Y R     OA21X4HVT         2 17.6   190   489    7782    (-,-) 
  alu_status_out[2]       -       -     R     (port)            -    -     -     0    7782    (-,-) 
#---------------------------------------------------------------------------------------------------



Path 3: MET (218161 ps) Late External Delay Assertion at pin alu_status_out[2]
           View: func-slow_vdd1v0.setup_cworst_CCworst
          Group: reg2out
     Startpoint: (R) current_state_reg[1]/CK
          Clock: (R) DSP_MASTER
       Endpoint: (R) alu_status_out[2]
          Clock: (R) DSP_MASTER

                     Capture       Launch     
        Clock Edge:+  250000            0     
       Src Latency:+       0            0     
       Net Latency:+    1000 (I)     1000 (I) 
           Arrival:=  251000         1000     
                                              
      Output Delay:-   25000                  
       Uncertainty:-     100                  
     Required Time:=  225900                  
      Launch Clock:-    1000                  
         Data Path:-    6739                  
             Slack:=  218161                  

Exceptions/Constraints:
  output_delay            25000            timing_constraints.t_line_88_74_1 

#----------------------------------------------------------------------------------------------------
#      Timing Point       Flags    Arc   Edge     Cell      Fanout Load Trans Delay Arrival Instance 
#                                                                  (fF)  (ps)  (ps)   (ps)  Location 
#----------------------------------------------------------------------------------------------------
  current_state_reg[1]/CK -       -      R     (arrival)      1150    -     0     0    1000    (-,-) 
  current_state_reg[1]/QN -       CK->QN F     DFFRX1HVT         1  1.8   101   464    1464    (-,-) 
  g102725/Y               -       B->Y   F     OR2X1HVT          3  4.3   218   260    1724    (-,-) 
  g102689/Y               -       A->Y   F     OR2X2HVT          5  6.4   182   359    2083    (-,-) 
  g101893/Y               -       C->Y   R     NOR3X1HVT         1  1.8   235   245    2328    (-,-) 
  g101801/Y               -       B->Y   R     AND2X2HVT         8 10.9   208   465    2794    (-,-) 
  g101531/Y               -       A->Y   R     OR2X4HVT         11 12.3   125   312    3106    (-,-) 
  g101509/Y               -       A->Y   F     INVX2HVT          5  6.3   185   177    3283    (-,-) 
  g101235/Y               -       B->Y   F     AND2X2HVT         7  7.9   208   282    3565    (-,-) 
  g100925/Y               -       A->Y   F     AND2X1HVT         1  1.8   102   214    3779    (-,-) 
  g100776/Y               -       C->Y   F     OR3X1HVT          2  2.9   160   292    4070    (-,-) 
  g100623/Y               -       B->Y   R     NOR2X1HVT         1  1.8   152   186    4257    (-,-) 
  g100573/Y               -       B1->Y  R     OA22X1HVT         1  1.9    84   338    4595    (-,-) 
  g100556/Y               -       B0->Y  F     OAI2BB1X1HVT      1  1.9   251   230    4825    (-,-) 
  g100538/Y               -       B0->Y  R     AOI21X1HVT        1  1.8   167   252    5076    (-,-) 
  g100518/Y               -       B0->Y  R     OA21X1HVT         1  1.9    81   325    5401    (-,-) 
  g100492/Y               -       B->Y   F     NAND2X1HVT        1  1.9   249   206    5608    (-,-) 
  g100485/Y               -       B->Y   R     NOR2X1HVT         1  2.3   190   258    5866    (-,-) 
  g98865__6783/Y          -       B->Y   F     NAND2X2HVT        1  2.2   188   227    6093    (-,-) 
  g98800__7482/Y          -       B->Y   R     NOR2X2HVT         2  3.9   175   204    6297    (-,-) 
  g98799/Y                -       A->Y   F     CLKINVX4HVT       3 18.6   268   240    6537    (-,-) 
  g98268__9315/Y          -       B->Y   F     OR4X1HVT          1  1.9   122   495    7032    (-,-) 
  g98267__5107/Y          -       C->Y   R     NOR3X1HVT         1  1.9   243   217    7249    (-,-) 
  g98266__2398/Y          -       A1->Y  R     OA21X4HVT         2 17.6   190   489    7739    (-,-) 
  alu_status_out[2]       -       -      R     (port)            -    -     -     0    7739    (-,-) 
#----------------------------------------------------------------------------------------------------



Path 4: MET (218247 ps) Late External Delay Assertion at pin alu_status_out[2]
           View: func-slow_vdd1v0.setup_cworst_CCworst
          Group: reg2out
     Startpoint: (R) current_state_reg[1]/CK
          Clock: (R) DSP_MASTER
       Endpoint: (R) alu_status_out[2]
          Clock: (R) DSP_MASTER

                     Capture       Launch     
        Clock Edge:+  250000            0     
       Src Latency:+       0            0     
       Net Latency:+    1000 (I)     1000 (I) 
           Arrival:=  251000         1000     
                                              
      Output Delay:-   25000                  
       Uncertainty:-     100                  
     Required Time:=  225900                  
      Launch Clock:-    1000                  
         Data Path:-    6653                  
             Slack:=  218247                  

Exceptions/Constraints:
  output_delay            25000            timing_constraints.t_line_88_74_1 

#----------------------------------------------------------------------------------------------------
#      Timing Point       Flags    Arc   Edge     Cell      Fanout Load Trans Delay Arrival Instance 
#                                                                  (fF)  (ps)  (ps)   (ps)  Location 
#----------------------------------------------------------------------------------------------------
  current_state_reg[1]/CK -       -      R     (arrival)      1150    -     0     0    1000    (-,-) 
  current_state_reg[1]/QN -       CK->QN R     DFFRX1HVT         1  1.8    67   385    1385    (-,-) 
  g102725/Y               -       B->Y   R     OR2X1HVT          3  4.4   142   190    1575    (-,-) 
  g102689/Y               -       A->Y   R     OR2X2HVT          5  6.5   122   272    1847    (-,-) 
  g102674/Y               -       A->Y   F     INVX1HVT          2  2.8   162   172    2019    (-,-) 
  g102299/Y               -       A->Y   F     AND2X1HVT         4  4.9   241   264    2283    (-,-) 
  g102276/Y               -       AN->Y  F     NOR2BX1HVT        1  2.2   144   244    2527    (-,-) 
  g102270/Y               -       B->Y   R     NOR2X2HVT         3  5.0   202   199    2725    (-,-) 
  g101531/Y               -       B->Y   R     OR2X4HVT         11 12.3   125   295    3020    (-,-) 
  g101509/Y               -       A->Y   F     INVX2HVT          5  6.3   185   177    3198    (-,-) 
  g101235/Y               -       B->Y   F     AND2X2HVT         7  7.9   208   282    3479    (-,-) 
  g100925/Y               -       A->Y   F     AND2X1HVT         1  1.8   102   214    3693    (-,-) 
  g100776/Y               -       C->Y   F     OR3X1HVT          2  2.9   160   292    3985    (-,-) 
  g100623/Y               -       B->Y   R     NOR2X1HVT         1  1.8   152   186    4171    (-,-) 
  g100573/Y               -       B1->Y  R     OA22X1HVT         1  1.9    84   338    4509    (-,-) 
  g100556/Y               -       B0->Y  F     OAI2BB1X1HVT      1  1.9   251   230    4739    (-,-) 
  g100538/Y               -       B0->Y  R     AOI21X1HVT        1  1.8   167   252    4991    (-,-) 
  g100518/Y               -       B0->Y  R     OA21X1HVT         1  1.9    81   325    5315    (-,-) 
  g100492/Y               -       B->Y   F     NAND2X1HVT        1  1.9   249   206    5522    (-,-) 
  g100485/Y               -       B->Y   R     NOR2X1HVT         1  2.3   190   258    5780    (-,-) 
  g98865__6783/Y          -       B->Y   F     NAND2X2HVT        1  2.2   188   227    6007    (-,-) 
  g98800__7482/Y          -       B->Y   R     NOR2X2HVT         2  3.9   175   204    6211    (-,-) 
  g98799/Y                -       A->Y   F     CLKINVX4HVT       3 18.6   268   240    6451    (-,-) 
  g98268__9315/Y          -       B->Y   F     OR4X1HVT          1  1.9   122   495    6946    (-,-) 
  g98267__5107/Y          -       C->Y   R     NOR3X1HVT         1  1.9   243   217    7164    (-,-) 
  g98266__2398/Y          -       A1->Y  R     OA21X4HVT         2 17.6   190   489    7653    (-,-) 
  alu_status_out[2]       -       -      R     (port)            -    -     -     0    7653    (-,-) 
#----------------------------------------------------------------------------------------------------



Path 5: MET (218254 ps) Late External Delay Assertion at pin alu_status_out[2]
           View: func-slow_vdd1v0.setup_cworst_CCworst
          Group: reg2out
     Startpoint: (R) current_state_reg[0]/CK
          Clock: (R) DSP_MASTER
       Endpoint: (R) alu_status_out[2]
          Clock: (R) DSP_MASTER

                     Capture       Launch     
        Clock Edge:+  250000            0     
       Src Latency:+       0            0     
       Net Latency:+    1000 (I)     1000 (I) 
           Arrival:=  251000         1000     
                                              
      Output Delay:-   25000                  
       Uncertainty:-     100                  
     Required Time:=  225900                  
      Launch Clock:-    1000                  
         Data Path:-    6646                  
             Slack:=  218254                  

Exceptions/Constraints:
  output_delay            25000            timing_constraints.t_line_88_74_1 

#---------------------------------------------------------------------------------------------------
#      Timing Point       Flags   Arc   Edge     Cell      Fanout Load Trans Delay Arrival Instance 
#                                                                 (fF)  (ps)  (ps)   (ps)  Location 
#---------------------------------------------------------------------------------------------------
  current_state_reg[0]/CK -       -     R     (arrival)      1150    -     0     0    1000    (-,-) 
  current_state_reg[0]/Q  -       CK->Q F     DFFRX1HVT         4  4.8   235   420    1420    (-,-) 
  g102725/Y               -       A->Y  F     OR2X1HVT          3  4.3   218   347    1767    (-,-) 
  g102689/Y               -       A->Y  F     OR2X2HVT          5  6.4   182   359    2126    (-,-) 
  g102674/Y               -       A->Y  R     INVX1HVT          2  2.8   121   175    2301    (-,-) 
  g102282/Y               (i)     C->Y  R     AND3XLHVT         5  0.0     0   307    2608    (-,-) 
  g102274/Y               -       A->Y  F     INVX1HVT          1  1.8    96    58    2666    (-,-) 
  g102271/Y               -       B->Y  F     OR2X2HVT          6  8.1   220   299    2965    (-,-) 
  g102108/Y               -       B->Y  F     AND3XLHVT         2  2.9   263   312    3278    (-,-) 
  g102051/Y               -       A->Y  R     INVX1HVT          2  3.3   150   237    3514    (-,-) 
  g102050/Y               -       A->Y  F     INVX2HVT          6  8.3   235   219    3734    (-,-) 
  g100903/Y               -       A->Y  F     AND3X2HVT         6  7.1   190   322    4055    (-,-) 
  g100663/Y               -       B->Y  F     OR3X1HVT          2  3.0   164   368    4423    (-,-) 
  g100579/Y               -       A1->Y R     AOI21X1HVT        1  1.9   166   211    4634    (-,-) 
  g100553/Y               -       B->Y  F     NAND2X1HVT        1  1.9   253   260    4894    (-,-) 
  g100525/Y               -       B->Y  R     NOR2X1HVT         1  1.8   161   243    5138    (-,-) 
  g100496/Y               -       A->Y  R     MX2X1HVT          1  2.3    93   376    5513    (-,-) 
  g100484/Y               -       B0->Y F     OAI2BB1X2HVT      1  2.2   181   192    5705    (-,-) 
  g100446/Y               -       D->Y  F     OR4X6HVT          4 19.6   236   479    6184    (-,-) 
  g98526__6161/Y          -       D->Y  F     OR4X1HVT          1  1.8   118   405    6589    (-,-) 
  g98268__9315/Y          -       D->Y  F     OR4X1HVT          1  1.9   122   351    6940    (-,-) 
  g98267__5107/Y          -       C->Y  R     NOR3X1HVT         1  1.9   243   217    7157    (-,-) 
  g98266__2398/Y          -       A1->Y R     OA21X4HVT         2 17.6   190   489    7646    (-,-) 
  alu_status_out[2]       -       -     R     (port)            -    -     -     0    7646    (-,-) 
#---------------------------------------------------------------------------------------------------

(i) : Net is ideal.



Path 6: MET (218297 ps) Late External Delay Assertion at pin alu_status_out[2]
           View: func-slow_vdd1v0.setup_cworst_CCworst
          Group: reg2out
     Startpoint: (R) current_state_reg[1]/CK
          Clock: (R) DSP_MASTER
       Endpoint: (R) alu_status_out[2]
          Clock: (R) DSP_MASTER

                     Capture       Launch     
        Clock Edge:+  250000            0     
       Src Latency:+       0            0     
       Net Latency:+    1000 (I)     1000 (I) 
           Arrival:=  251000         1000     
                                              
      Output Delay:-   25000                  
       Uncertainty:-     100                  
     Required Time:=  225900                  
      Launch Clock:-    1000                  
         Data Path:-    6603                  
             Slack:=  218297                  

Exceptions/Constraints:
  output_delay            25000            timing_constraints.t_line_88_74_1 

#----------------------------------------------------------------------------------------------------
#      Timing Point       Flags    Arc   Edge     Cell      Fanout Load Trans Delay Arrival Instance 
#                                                                  (fF)  (ps)  (ps)   (ps)  Location 
#----------------------------------------------------------------------------------------------------
  current_state_reg[1]/CK -       -      R     (arrival)      1150    -     0     0    1000    (-,-) 
  current_state_reg[1]/QN -       CK->QN F     DFFRX1HVT         1  1.8   101   464    1464    (-,-) 
  g102725/Y               -       B->Y   F     OR2X1HVT          3  4.3   218   260    1724    (-,-) 
  g102689/Y               -       A->Y   F     OR2X2HVT          5  6.4   182   359    2083    (-,-) 
  g102674/Y               -       A->Y   R     INVX1HVT          2  2.8   121   175    2258    (-,-) 
  g102282/Y               (i)     C->Y   R     AND3XLHVT         5  0.0     0   307    2565    (-,-) 
  g102274/Y               -       A->Y   F     INVX1HVT          1  1.8    96    58    2623    (-,-) 
  g102271/Y               -       B->Y   F     OR2X2HVT          6  8.1   220   299    2922    (-,-) 
  g102108/Y               -       B->Y   F     AND3XLHVT         2  2.9   263   312    3234    (-,-) 
  g102051/Y               -       A->Y   R     INVX1HVT          2  3.3   150   237    3471    (-,-) 
  g102050/Y               -       A->Y   F     INVX2HVT          6  8.3   235   219    3690    (-,-) 
  g100903/Y               -       A->Y   F     AND3X2HVT         6  7.1   190   322    4012    (-,-) 
  g100663/Y               -       B->Y   F     OR3X1HVT          2  3.0   164   368    4380    (-,-) 
  g100579/Y               -       A1->Y  R     AOI21X1HVT        1  1.9   166   211    4590    (-,-) 
  g100553/Y               -       B->Y   F     NAND2X1HVT        1  1.9   253   260    4851    (-,-) 
  g100525/Y               -       B->Y   R     NOR2X1HVT         1  1.8   161   243    5094    (-,-) 
  g100496/Y               -       A->Y   R     MX2X1HVT          1  2.3    93   376    5470    (-,-) 
  g100484/Y               -       B0->Y  F     OAI2BB1X2HVT      1  2.2   181   192    5662    (-,-) 
  g100446/Y               -       D->Y   F     OR4X6HVT          4 19.6   236   479    6140    (-,-) 
  g98526__6161/Y          -       D->Y   F     OR4X1HVT          1  1.8   118   405    6545    (-,-) 
  g98268__9315/Y          -       D->Y   F     OR4X1HVT          1  1.9   122   351    6896    (-,-) 
  g98267__5107/Y          -       C->Y   R     NOR3X1HVT         1  1.9   243   217    7113    (-,-) 
  g98266__2398/Y          -       A1->Y  R     OA21X4HVT         2 17.6   190   489    7603    (-,-) 
  alu_status_out[2]       -       -      R     (port)            -    -     -     0    7603    (-,-) 
#----------------------------------------------------------------------------------------------------

(i) : Net is ideal.



Path 7: MET (218313 ps) Late External Delay Assertion at pin alu_status_out[2]
           View: func-slow_vdd1v0.setup_cworst_CCworst
          Group: reg2out
     Startpoint: (R) current_state_reg[0]/CK
          Clock: (R) DSP_MASTER
       Endpoint: (R) alu_status_out[2]
          Clock: (R) DSP_MASTER

                     Capture       Launch     
        Clock Edge:+  250000            0     
       Src Latency:+       0            0     
       Net Latency:+    1000 (I)     1000 (I) 
           Arrival:=  251000         1000     
                                              
      Output Delay:-   25000                  
       Uncertainty:-     100                  
     Required Time:=  225900                  
      Launch Clock:-    1000                  
         Data Path:-    6587                  
             Slack:=  218313                  

Exceptions/Constraints:
  output_delay            25000            timing_constraints.t_line_88_74_1 

#---------------------------------------------------------------------------------------------------
#      Timing Point       Flags   Arc   Edge     Cell      Fanout Load Trans Delay Arrival Instance 
#                                                                 (fF)  (ps)  (ps)   (ps)  Location 
#---------------------------------------------------------------------------------------------------
  current_state_reg[0]/CK -       -     R     (arrival)      1150    -     0     0    1000    (-,-) 
  current_state_reg[0]/Q  -       CK->Q F     DFFRX1HVT         4  4.8   235   420    1420    (-,-) 
  g102725/Y               -       A->Y  F     OR2X1HVT          3  4.3   218   347    1767    (-,-) 
  g102689/Y               -       A->Y  F     OR2X2HVT          5  6.4   182   359    2126    (-,-) 
  g102674/Y               -       A->Y  R     INVX1HVT          2  2.8   121   175    2301    (-,-) 
  g102299/Y               -       A->Y  R     AND2X1HVT         4  4.9   162   314    2615    (-,-) 
  g102190/Y               -       B0->Y F     OAI21X1HVT        1  1.8   261   277    2892    (-,-) 
  g102108/Y               -       C->Y  F     AND3XLHVT         2  2.9   263   326    3218    (-,-) 
  g102051/Y               -       A->Y  R     INVX1HVT          2  3.3   150   237    3455    (-,-) 
  g102050/Y               -       A->Y  F     INVX2HVT          6  8.3   235   219    3674    (-,-) 
  g100903/Y               -       A->Y  F     AND3X2HVT         6  7.1   190   322    3996    (-,-) 
  g100663/Y               -       B->Y  F     OR3X1HVT          2  3.0   164   368    4363    (-,-) 
  g100579/Y               -       A1->Y R     AOI21X1HVT        1  1.9   166   211    4574    (-,-) 
  g100553/Y               -       B->Y  F     NAND2X1HVT        1  1.9   253   260    4835    (-,-) 
  g100525/Y               -       B->Y  R     NOR2X1HVT         1  1.8   161   243    5078    (-,-) 
  g100496/Y               -       A->Y  R     MX2X1HVT          1  2.3    93   376    5454    (-,-) 
  g100484/Y               -       B0->Y F     OAI2BB1X2HVT      1  2.2   181   192    5646    (-,-) 
  g100446/Y               -       D->Y  F     OR4X6HVT          4 19.6   236   479    6124    (-,-) 
  g98526__6161/Y          -       D->Y  F     OR4X1HVT          1  1.8   118   405    6529    (-,-) 
  g98268__9315/Y          -       D->Y  F     OR4X1HVT          1  1.9   122   351    6880    (-,-) 
  g98267__5107/Y          -       C->Y  R     NOR3X1HVT         1  1.9   243   217    7097    (-,-) 
  g98266__2398/Y          -       A1->Y R     OA21X4HVT         2 17.6   190   489    7587    (-,-) 
  alu_status_out[2]       -       -     R     (port)            -    -     -     0    7587    (-,-) 
#---------------------------------------------------------------------------------------------------



Path 8: MET (218323 ps) Late External Delay Assertion at pin alu_status_out[2]
           View: func-slow_vdd1v0.setup_cworst_CCworst
          Group: reg2out
     Startpoint: (R) current_state_reg[0]/CK
          Clock: (R) DSP_MASTER
       Endpoint: (R) alu_status_out[2]
          Clock: (R) DSP_MASTER

                     Capture       Launch     
        Clock Edge:+  250000            0     
       Src Latency:+       0            0     
       Net Latency:+    1000 (I)     1000 (I) 
           Arrival:=  251000         1000     
                                              
      Output Delay:-   25000                  
       Uncertainty:-     100                  
     Required Time:=  225900                  
      Launch Clock:-    1000                  
         Data Path:-    6577                  
             Slack:=  218323                  

Exceptions/Constraints:
  output_delay            25000            timing_constraints.t_line_88_74_1 

#---------------------------------------------------------------------------------------------------
#      Timing Point       Flags   Arc   Edge     Cell      Fanout Load Trans Delay Arrival Instance 
#                                                                 (fF)  (ps)  (ps)   (ps)  Location 
#---------------------------------------------------------------------------------------------------
  current_state_reg[0]/CK -       -     R     (arrival)      1150    -     0     0    1000    (-,-) 
  current_state_reg[0]/Q  -       CK->Q F     DFFRX1HVT         4  4.8   235   420    1420    (-,-) 
  g102725/Y               -       A->Y  F     OR2X1HVT          3  4.3   218   347    1767    (-,-) 
  g102689/Y               -       A->Y  F     OR2X2HVT          5  6.4   182   359    2126    (-,-) 
  g102674/Y               -       A->Y  R     INVX1HVT          2  2.8   121   175    2301    (-,-) 
  g102299/Y               -       A->Y  R     AND2X1HVT         4  4.9   162   314    2615    (-,-) 
  g102276/Y               -       AN->Y R     NOR2BX1HVT        1  2.3   187   273    2887    (-,-) 
  g102270/Y               -       B->Y  F     NOR2X2HVT         3  4.9   173   206    3094    (-,-) 
  g102261/Y               -       A->Y  R     CLKINVX4HVT       3 18.6   171   183    3276    (-,-) 
  g101234/Y               -       B->Y  R     OR2X1HVT          4  5.5   173   270    3546    (-,-) 
  g100991/Y               -       A->Y  F     INVX1HVT          1  1.8   127   186    3732    (-,-) 
  g100903/Y               -       B->Y  F     AND3X2HVT         6  7.1   190   254    3986    (-,-) 
  g100663/Y               -       B->Y  F     OR3X1HVT          2  3.0   164   368    4353    (-,-) 
  g100579/Y               -       A1->Y R     AOI21X1HVT        1  1.9   166   211    4564    (-,-) 
  g100553/Y               -       B->Y  F     NAND2X1HVT        1  1.9   253   260    4825    (-,-) 
  g100525/Y               -       B->Y  R     NOR2X1HVT         1  1.8   161   243    5068    (-,-) 
  g100496/Y               -       A->Y  R     MX2X1HVT          1  2.3    93   376    5444    (-,-) 
  g100484/Y               -       B0->Y F     OAI2BB1X2HVT      1  2.2   181   192    5636    (-,-) 
  g100446/Y               -       D->Y  F     OR4X6HVT          4 19.6   236   479    6114    (-,-) 
  g98526__6161/Y          -       D->Y  F     OR4X1HVT          1  1.8   118   405    6519    (-,-) 
  g98268__9315/Y          -       D->Y  F     OR4X1HVT          1  1.9   122   351    6870    (-,-) 
  g98267__5107/Y          -       C->Y  R     NOR3X1HVT         1  1.9   243   217    7087    (-,-) 
  g98266__2398/Y          -       A1->Y R     OA21X4HVT         2 17.6   190   489    7577    (-,-) 
  alu_status_out[2]       -       -     R     (port)            -    -     -     0    7577    (-,-) 
#---------------------------------------------------------------------------------------------------



Path 9: MET (218326 ps) Late External Delay Assertion at pin alu_status_out[2]
           View: func-slow_vdd1v0.setup_cworst_CCworst
          Group: reg2out
     Startpoint: (R) current_state_reg[0]/CK
          Clock: (R) DSP_MASTER
       Endpoint: (R) alu_status_out[2]
          Clock: (R) DSP_MASTER

                     Capture       Launch     
        Clock Edge:+  250000            0     
       Src Latency:+       0            0     
       Net Latency:+    1000 (I)     1000 (I) 
           Arrival:=  251000         1000     
                                              
      Output Delay:-   25000                  
       Uncertainty:-     100                  
     Required Time:=  225900                  
      Launch Clock:-    1000                  
         Data Path:-    6574                  
             Slack:=  218326                  

Exceptions/Constraints:
  output_delay            25000            timing_constraints.t_line_88_74_1 

#---------------------------------------------------------------------------------------------------
#      Timing Point       Flags   Arc   Edge     Cell      Fanout Load Trans Delay Arrival Instance 
#                                                                 (fF)  (ps)  (ps)   (ps)  Location 
#---------------------------------------------------------------------------------------------------
  current_state_reg[0]/CK -       -     R     (arrival)      1150    -     0     0    1000    (-,-) 
  current_state_reg[0]/Q  -       CK->Q F     DFFRX1HVT         4  4.8   235   420    1420    (-,-) 
  g102725/Y               -       A->Y  F     OR2X1HVT          3  4.3   218   347    1767    (-,-) 
  g102689/Y               -       A->Y  F     OR2X2HVT          5  6.4   182   359    2126    (-,-) 
  g102300/Y               -       B->Y  F     OR2X2HVT          5  6.1   175   320    2446    (-,-) 
  g102293/Y               -       A->Y  R     INVX1HVT          1  1.9    95   156    2602    (-,-) 
  g102235/Y               -       B0->Y F     OAI31X1HVT        1  1.8   272   256    2858    (-,-) 
  g102108/Y               -       A->Y  F     AND3XLHVT         2  2.9   263   347    3205    (-,-) 
  g102051/Y               -       A->Y  R     INVX1HVT          2  3.3   150   237    3442    (-,-) 
  g102050/Y               -       A->Y  F     INVX2HVT          6  8.3   235   219    3661    (-,-) 
  g100903/Y               -       A->Y  F     AND3X2HVT         6  7.1   190   322    3983    (-,-) 
  g100663/Y               -       B->Y  F     OR3X1HVT          2  3.0   164   368    4350    (-,-) 
  g100579/Y               -       A1->Y R     AOI21X1HVT        1  1.9   166   211    4561    (-,-) 
  g100553/Y               -       B->Y  F     NAND2X1HVT        1  1.9   253   260    4822    (-,-) 
  g100525/Y               -       B->Y  R     NOR2X1HVT         1  1.8   161   243    5065    (-,-) 
  g100496/Y               -       A->Y  R     MX2X1HVT          1  2.3    93   376    5441    (-,-) 
  g100484/Y               -       B0->Y F     OAI2BB1X2HVT      1  2.2   181   192    5633    (-,-) 
  g100446/Y               -       D->Y  F     OR4X6HVT          4 19.6   236   479    6112    (-,-) 
  g98526__6161/Y          -       D->Y  F     OR4X1HVT          1  1.8   118   405    6516    (-,-) 
  g98268__9315/Y          -       D->Y  F     OR4X1HVT          1  1.9   122   351    6867    (-,-) 
  g98267__5107/Y          -       C->Y  R     NOR3X1HVT         1  1.9   243   217    7084    (-,-) 
  g98266__2398/Y          -       A1->Y R     OA21X4HVT         2 17.6   190   489    7574    (-,-) 
  alu_status_out[2]       -       -     R     (port)            -    -     -     0    7574    (-,-) 
#---------------------------------------------------------------------------------------------------



Path 10: MET (218356 ps) Late External Delay Assertion at pin alu_status_out[2]
           View: func-slow_vdd1v0.setup_cworst_CCworst
          Group: reg2out
     Startpoint: (R) current_state_reg[1]/CK
          Clock: (R) DSP_MASTER
       Endpoint: (R) alu_status_out[2]
          Clock: (R) DSP_MASTER

                     Capture       Launch     
        Clock Edge:+  250000            0     
       Src Latency:+       0            0     
       Net Latency:+    1000 (I)     1000 (I) 
           Arrival:=  251000         1000     
                                              
      Output Delay:-   25000                  
       Uncertainty:-     100                  
     Required Time:=  225900                  
      Launch Clock:-    1000                  
         Data Path:-    6544                  
             Slack:=  218356                  

Exceptions/Constraints:
  output_delay            25000            timing_constraints.t_line_88_74_1 

#----------------------------------------------------------------------------------------------------
#      Timing Point       Flags    Arc   Edge     Cell      Fanout Load Trans Delay Arrival Instance 
#                                                                  (fF)  (ps)  (ps)   (ps)  Location 
#----------------------------------------------------------------------------------------------------
  current_state_reg[1]/CK -       -      R     (arrival)      1150    -     0     0    1000    (-,-) 
  current_state_reg[1]/QN -       CK->QN F     DFFRX1HVT         1  1.8   101   464    1464    (-,-) 
  g102725/Y               -       B->Y   F     OR2X1HVT          3  4.3   218   260    1724    (-,-) 
  g102689/Y               -       A->Y   F     OR2X2HVT          5  6.4   182   359    2083    (-,-) 
  g102674/Y               -       A->Y   R     INVX1HVT          2  2.8   121   175    2258    (-,-) 
  g102299/Y               -       A->Y   R     AND2X1HVT         4  4.9   162   314    2571    (-,-) 
  g102190/Y               -       B0->Y  F     OAI21X1HVT        1  1.8   261   277    2849    (-,-) 
  g102108/Y               -       C->Y   F     AND3XLHVT         2  2.9   263   326    3175    (-,-) 
  g102051/Y               -       A->Y   R     INVX1HVT          2  3.3   150   237    3412    (-,-) 
  g102050/Y               -       A->Y   F     INVX2HVT          6  8.3   235   219    3631    (-,-) 
  g100903/Y               -       A->Y   F     AND3X2HVT         6  7.1   190   322    3952    (-,-) 
  g100663/Y               -       B->Y   F     OR3X1HVT          2  3.0   164   368    4320    (-,-) 
  g100579/Y               -       A1->Y  R     AOI21X1HVT        1  1.9   166   211    4531    (-,-) 
  g100553/Y               -       B->Y   F     NAND2X1HVT        1  1.9   253   260    4791    (-,-) 
  g100525/Y               -       B->Y   R     NOR2X1HVT         1  1.8   161   243    5035    (-,-) 
  g100496/Y               -       A->Y   R     MX2X1HVT          1  2.3    93   376    5410    (-,-) 
  g100484/Y               -       B0->Y  F     OAI2BB1X2HVT      1  2.2   181   192    5602    (-,-) 
  g100446/Y               -       D->Y   F     OR4X6HVT          4 19.6   236   479    6081    (-,-) 
  g98526__6161/Y          -       D->Y   F     OR4X1HVT          1  1.8   118   405    6486    (-,-) 
  g98268__9315/Y          -       D->Y   F     OR4X1HVT          1  1.9   122   351    6837    (-,-) 
  g98267__5107/Y          -       C->Y   R     NOR3X1HVT         1  1.9   243   217    7054    (-,-) 
  g98266__2398/Y          -       A1->Y  R     OA21X4HVT         2 17.6   190   489    7543    (-,-) 
  alu_status_out[2]       -       -      R     (port)            -    -     -     0    7544    (-,-) 
#----------------------------------------------------------------------------------------------------


